Command line invocation:
    /Applications/Xcode.app/Contents/Developer/usr/bin/xcodebuild -scheme SSBNetwork -destination platform=macOS build

--- xcodebuild: WARNING: Using the first of multiple matching destinations:
{ platform:macOS, arch:arm64, id:00008103-0009582126DA001E, name:My Mac }
{ platform:macOS, arch:x86_64, id:00008103-0009582126DA001E, name:My Mac }
ComputePackagePrebuildTargetDependencyGraph

Prepare packages

CreateBuildRequest

SendProjectDescription

CreateBuildOperation

ComputeTargetDependencyGraph
note: Building targets in dependency order
note: Target dependency graph (1 target)
    Target 'SSBNetwork' in project 'SSBNetwork' (no dependencies)

GatherProvisioningInputs

CreateBuildDescription

ClangStatCache /Applications/Xcode.app/Contents/Developer/Toolchains/XcodeDefault.xctoolchain/usr/bin/clang-stat-cache /Applications/Xcode.app/Contents/Developer/Platforms/MacOSX.platform/Developer/SDKs/MacOSX26.2.sdk /Users/jack/Library/Developer/Xcode/DerivedData/SDKStatCaches.noindex/macosx26.2-25C58-00fa09913b459cbbc988d1f6730289ae.sdkstatcache
    cd /Users/jack/Software/ScuttleKit/SSBNetwork.xcodeproj
    /Applications/Xcode.app/Contents/Developer/Toolchains/XcodeDefault.xctoolchain/usr/bin/clang-stat-cache /Applications/Xcode.app/Contents/Developer/Platforms/MacOSX.platform/Developer/SDKs/MacOSX26.2.sdk -o /Users/jack/Library/Developer/Xcode/DerivedData/SDKStatCaches.noindex/macosx26.2-25C58-00fa09913b459cbbc988d1f6730289ae.sdkstatcache

ProcessInfoPlistFile /Users/jack/Library/Developer/Xcode/DerivedData/SSBNetwork-gobgijqdwpuemuekgwpnxsfiofbs/Build/Products/Debug/SSBNetwork.framework/Versions/A/Resources/Info.plist /Users/jack/Software/ScuttleKit/Sources/Info.plist (in target 'SSBNetwork' from project 'SSBNetwork')
    cd /Users/jack/Software/ScuttleKit
    builtin-infoPlistUtility /Users/jack/Software/ScuttleKit/Sources/Info.plist -producttype com.apple.product-type.framework -expandbuildsettings -platform macosx -o /Users/jack/Library/Developer/Xcode/DerivedData/SSBNetwork-gobgijqdwpuemuekgwpnxsfiofbs/Build/Products/Debug/SSBNetwork.framework/Versions/A/Resources/Info.plist

CompileC /Users/jack/Library/Developer/Xcode/DerivedData/SSBNetwork-gobgijqdwpuemuekgwpnxsfiofbs/Build/Intermediates.noindex/SSBNetwork.build/Debug/SSBNetwork.build/Objects-normal/arm64/SSBLog.o /Users/jack/Software/ScuttleKit/Sources/SSBLog.m normal arm64 objective-c com.apple.compilers.llvm.clang.1_0.compiler (in target 'SSBNetwork' from project 'SSBNetwork')
    cd /Users/jack/Software/ScuttleKit
    
    Using response file: /Users/jack/Library/Developer/Xcode/DerivedData/SSBNetwork-gobgijqdwpuemuekgwpnxsfiofbs/Build/Intermediates.noindex/SSBNetwork.build/Debug/SSBNetwork.build/Objects-normal/arm64/e6072d4f65d7061329687fe24e3d63a7-common-args.resp
    
    /Applications/Xcode.app/Contents/Developer/Toolchains/XcodeDefault.xctoolchain/usr/bin/clang -x objective-c -ivfsstatcache /Users/jack/Library/Developer/Xcode/DerivedData/SDKStatCaches.noindex/macosx26.2-25C58-00fa09913b459cbbc988d1f6730289ae.sdkstatcache -fmessage-length\=0 -fdiagnostics-show-note-include-stack -fmacro-backtrace-limit\=0 -fno-color-diagnostics -fmodules-prune-interval\=86400 -fmodules-prune-after\=345600 -fbuild-session-file\=/Users/jack/Library/Developer/Xcode/DerivedData/ModuleCache.noindex/Session.modulevalidation -fmodules-validate-once-per-build-session -Wnon-modular-include-in-framework-module -Werror\=non-modular-include-in-framework-module -Wno-trigraphs -Wno-missing-field-initializers -Wno-missing-prototypes -Werror\=return-type -Wdocumentation -Wunreachable-code -Wquoted-include-in-framework-header -Wno-implicit-atomic-properties -Werror\=deprecated-objc-isa-usage -Wno-objc-interface-ivars -Werror\=objc-root-class -Wno-arc-repeated-use-of-weak -Wimplicit-retain-self -Wduplicate-method-match -Wno-missing-braces -Wparentheses -Wswitch -Wunused-function -Wno-unused-label -Wno-unused-parameter -Wunused-variable -Wunused-value -Wempty-body -Wuninitialized -Wconditional-uninitialized -Wno-unknown-pragmas -Wno-shadow -Wno-four-char-constants -Wno-conversion -Wconstant-conversion -Wint-conversion -Wbool-conversion -Wenum-conversion -Wno-float-conversion -Wnon-literal-null-conversion -Wobjc-literal-conversion -Wshorten-64-to-32 -Wpointer-sign -Wno-newline-eof -Wno-selector -Wno-strict-selector-match -Wundeclared-selector -Wdeprecated-implementations -Wno-implicit-fallthrough -fstrict-aliasing -Wprotocol -Wdeprecated-declarations -Wno-sign-conversion -Winfinite-recursion -Wcomma -Wblock-capture-autoreleasing -Wstrict-prototypes -Wno-semicolon-before-method-body -Wunguarded-availability -index-store-path /Users/jack/Library/Developer/Xcode/DerivedData/SSBNetwork-gobgijqdwpuemuekgwpnxsfiofbs/Index.noindex/DataStore @/Users/jack/Library/Developer/Xcode/DerivedData/SSBNetwork-gobgijqdwpuemuekgwpnxsfiofbs/Build/Intermediates.noindex/SSBNetwork.build/Debug/SSBNetwork.build/Objects-normal/arm64/e6072d4f65d7061329687fe24e3d63a7-common-args.resp -MMD -MT dependencies -MF /Users/jack/Library/Developer/Xcode/DerivedData/SSBNetwork-gobgijqdwpuemuekgwpnxsfiofbs/Build/Intermediates.noindex/SSBNetwork.build/Debug/SSBNetwork.build/Objects-normal/arm64/SSBLog.d --serialize-diagnostics /Users/jack/Library/Developer/Xcode/DerivedData/SSBNetwork-gobgijqdwpuemuekgwpnxsfiofbs/Build/Intermediates.noindex/SSBNetwork.build/Debug/SSBNetwork.build/Objects-normal/arm64/SSBLog.dia -c /Users/jack/Software/ScuttleKit/Sources/SSBLog.m -o /Users/jack/Library/Developer/Xcode/DerivedData/SSBNetwork-gobgijqdwpuemuekgwpnxsfiofbs/Build/Intermediates.noindex/SSBNetwork.build/Debug/SSBNetwork.build/Objects-normal/arm64/SSBLog.o -index-unit-output-path /SSBNetwork.build/Debug/SSBNetwork.build/Objects-normal/arm64/SSBLog.o
[1m/Users/jack/Software/ScuttleKit/Sources/SSBLog.m:52:5: [0m[0;1;31merror: [0m[1m
      call to undeclared function 'atomic_fetch_add'; ISO
      C99 and later do not support implicit function
      declarations [-Wimplicit-function-declaration][0m
   52 |     atomic_fetch_add(&_currentOffset, data.length);[0m
      | [0;1;32m    ^
[0m1 error generated.
Failed frontend command:
/Applications/Xcode.app/Contents/Developer/Toolchains/XcodeDefault.xctoolchain/usr/bin/clang -cc1 -Wundef-prefix\=TARGET_OS_ -fdiagnostics-show-note-include-stack -fmacro-backtrace-limit\=0 -fmessage-length\=59 -ferror-limit 19 -serialize-diagnostic-file /Users/jack/Library/Developer/Xcode/DerivedData/SSBNetwork-gobgijqdwpuemuekgwpnxsfiofbs/Build/Intermediates.noindex/SSBNetwork.build/Debug/SSBNetwork.build/Objects-normal/arm64/SSBLog.dia -fcolor-diagnostics -Wdeprecated-objc-isa-usage -Werror\=deprecated-objc-isa-usage -Werror\=implicit-function-declaration -Wnon-modular-include-in-framework-module -Werror\=non-modular-include-in-framework-module -Wno-trigraphs -Wno-missing-field-initializers -Wno-missing-prototypes -Werror\=return-type -Wdocumentation -Wunreachable-code -Wquoted-include-in-framework-header -Wno-implicit-atomic-properties -Werror\=deprecated-objc-isa-usage -Wno-objc-interface-ivars -Werror\=objc-root-class -Wno-arc-repeated-use-of-weak -Wimplicit-retain-self -Wduplicate-method-match -Wno-missing-braces -Wparentheses -Wswitch -Wunused-function -Wno-unused-label -Wno-unused-parameter -Wunused-variable -Wunused-value -Wempty-body -Wuninitialized -Wconditional-uninitialized -Wno-unknown-pragmas -Wno-shadow -Wno-four-char-constants -Wno-conversion -Wconstant-conversion -Wint-conversion -Wbool-conversion -Wenum-conversion -Wno-float-conversion -Wnon-literal-null-conversion -Wobjc-literal-conversion -Wshorten-64-to-32 -Wpointer-sign -Wno-newline-eof -Wno-selector -Wno-strict-selector-match -Wundeclared-selector -Wdeprecated-implementations -Wno-implicit-fallthrough -Wprotocol -Wdeprecated-declarations -Wno-sign-conversion -Winfinite-recursion -Wcomma -Wblock-capture-autoreleasing -Wstrict-prototypes -Wno-semicolon-before-method-body -Wunguarded-availability -Wno-reorder-init-list -Wno-implicit-int-float-conversion -Wno-c99-designator -Wno-final-dtor-non-final-class -Wno-extra-semi-stmt -Wno-misleading-indentation -Wno-implicit-fallthrough -Wno-enum-enum-conversion -Wno-enum-float-conversion -Wno-elaborated-enum-base -index-store-path /Users/jack/Library/Developer/Xcode/DerivedData/SSBNetwork-gobgijqdwpuemuekgwpnxsfiofbs/Index.noindex/DataStore -index-unit-output-path /SSBNetwork.build/Debug/SSBNetwork.build/Objects-normal/arm64/SSBLog.o -fmodule-map-file\=/Users/jack/Library/Developer/Xcode/DerivedData/SSBNetwork-gobgijqdwpuemuekgwpnxsfiofbs/Build/Products/Debug/SSBNetwork.framework/Modules/module.modulemap -fmodule-map-file\=/Applications/Xcode.app/Contents/Developer/Platforms/MacOSX.platform/Developer/SDKs/MacOSX.sdk/usr/include/Darwin.modulemap -fmodule-map-file\=/Applications/Xcode.app/Contents/Developer/Platforms/MacOSX.platform/Developer/SDKs/MacOSX.sdk/System/Library/Frameworks/Foundation.framework/Modules/module.modulemap -fmodule-map-file\=/Applications/Xcode.app/Contents/Developer/Platforms/MacOSX.platform/Developer/SDKs/MacOSX.sdk/usr/include/os.modulemap -o /Users/jack/Library/Developer/Xcode/DerivedData/SSBNetwork-gobgijqdwpuemuekgwpnxsfiofbs/Build/Intermediates.noindex/SSBNetwork.build/Debug/SSBNetwork.build/Objects-normal/arm64/SSBLog.o -disable-free -emit-obj -x objective-c /Users/jack/Software/ScuttleKit/Sources/SSBLog.m -target-abi darwinpcs -target-cpu apple-m1 -target-feature +zcm -target-feature +zcz -target-feature +v8.5a -target-feature +aes -target-feature +altnzcv -target-feature +ccdp -target-feature +complxnum -target-feature +crc -target-feature +dotprod -target-feature +fp-armv8 -target-feature +fp16fml -target-feature +fptoint -target-feature +fullfp16 -target-feature +jsconv -target-feature +lse -target-feature +neon -target-feature +pauth -target-feature +perfmon -target-feature +predres -target-feature +ras -target-feature +rcpc -target-feature +rdm -target-feature +sb -target-feature +sha2 -target-feature +sha3 -target-feature +specrestrict -target-feature +ssbs -triple arm64-apple-macosx13.0.0 -target-linker-version 1230.1 -target-sdk-version\=26.2 -fmodules-validate-system-headers -fno-modulemap-allow-subdirectory-search -isysroot /Applications/Xcode.app/Contents/Developer/Platforms/MacOSX.platform/Developer/SDKs/MacOSX26.2.sdk -resource-dir /Applications/Xcode.app/Contents/Developer/Toolchains/XcodeDefault.xctoolchain/usr/lib/clang/17 -fmodule-format\=obj -fmodule-file\=Darwin\=/Users/jack/Library/Developer/Xcode/DerivedData/SSBNetwork-gobgijqdwpuemuekgwpnxsfiofbs/Build/Intermediates.noindex/ExplicitPrecompiledModules/Darwin-1FIS88U3C594V58BWXYDPWLSK.pcm -fmodule-file\=Foundation\=/Users/jack/Library/Developer/Xcode/DerivedData/SSBNetwork-gobgijqdwpuemuekgwpnxsfiofbs/Build/Intermediates.noindex/ExplicitPrecompiledModules/Foundation-1FR7NOJJN6Z45F0JHFYAHONL0.pcm -fmodule-file\=os\=/Users/jack/Library/Developer/Xcode/DerivedData/SSBNetwork-gobgijqdwpuemuekgwpnxsfiofbs/Build/Intermediates.noindex/ExplicitPrecompiledModules/os-35KDEZWJU0ZM0NMLZSOAZM0JS.pcm -I /Users/jack/Library/Developer/Xcode/DerivedData/SSBNetwork-gobgijqdwpuemuekgwpnxsfiofbs/Build/Intermediates.noindex/SSBNetwork.build/Debug/SSBNetwork.build/SSBNetwork-own-target-headers.hmap -I /Users/jack/Library/Developer/Xcode/DerivedData/SSBNetwork-gobgijqdwpuemuekgwpnxsfiofbs/Build/Intermediates.noindex/SSBNetwork.build/Debug/SSBNetwork.build/SSBNetwork-all-non-framework-target-headers.hmap -I /Users/jack/Library/Developer/Xcode/DerivedData/SSBNetwork-gobgijqdwpuemuekgwpnxsfiofbs/Build/Products/Debug/include -I /Users/jack/Library/Developer/Xcode/DerivedData/SSBNetwork-gobgijqdwpuemuekgwpnxsfiofbs/Build/Intermediates.noindex/SSBNetwork.build/Debug/SSBNetwork.build/DerivedSources-normal/arm64 -I /Users/jack/Library/Developer/Xcode/DerivedData/SSBNetwork-gobgijqdwpuemuekgwpnxsfiofbs/Build/Intermediates.noindex/SSBNetwork.build/Debug/SSBNetwork.build/DerivedSources/arm64 -I /Users/jack/Library/Developer/Xcode/DerivedData/SSBNetwork-gobgijqdwpuemuekgwpnxsfiofbs/Build/Intermediates.noindex/SSBNetwork.build/Debug/SSBNetwork.build/DerivedSources -F /Users/jack/Library/Developer/Xcode/DerivedData/SSBNetwork-gobgijqdwpuemuekgwpnxsfiofbs/Build/Products/Debug -iquote /Users/jack/Library/Developer/Xcode/DerivedData/SSBNetwork-gobgijqdwpuemuekgwpnxsfiofbs/Build/Intermediates.noindex/SSBNetwork.build/Debug/SSBNetwork.build/SSBNetwork-generated-files.hmap -iquote /Users/jack/Library/Developer/Xcode/DerivedData/SSBNetwork-gobgijqdwpuemuekgwpnxsfiofbs/Build/Intermediates.noindex/SSBNetwork.build/Debug/SSBNetwork.build/SSBNetwork-project-headers.hmap -isystem /Applications/Xcode.app/Contents/Developer/Platforms/MacOSX.platform/Developer/SDKs/MacOSX26.2.sdk/usr/local/include -isystem /Applications/Xcode.app/Contents/Developer/Toolchains/XcodeDefault.xctoolchain/usr/lib/clang/17/include -internal-externc-isystem /Applications/Xcode.app/Contents/Developer/Platforms/MacOSX.platform/Developer/SDKs/MacOSX26.2.sdk/usr/include -internal-externc-isystem /Applications/Xcode.app/Contents/Developer/Toolchains/XcodeDefault.xctoolchain/usr/include -internal-iframework /Applications/Xcode.app/Contents/Developer/Platforms/MacOSX.platform/Developer/SDKs/MacOSX26.2.sdk/System/Library/Frameworks -internal-iframework /Applications/Xcode.app/Contents/Developer/Platforms/MacOSX.platform/Developer/SDKs/MacOSX26.2.sdk/System/Library/SubFrameworks -internal-iframework /Applications/Xcode.app/Contents/Developer/Platforms/MacOSX.platform/Developer/SDKs/MacOSX26.2.sdk/Library/Frameworks -ivfsstatcache /Users/jack/Library/Developer/Xcode/DerivedData/SDKStatCaches.noindex/macosx26.2-25C58-00fa09913b459cbbc988d1f6730289ae.sdkstatcache -ivfsoverlay /Users/jack/Library/Developer/Xcode/DerivedData/SSBNetwork-gobgijqdwpuemuekgwpnxsfiofbs/Build/Intermediates.noindex/SSBNetwork.build/Debug/SSBNetwork-c12bc2201d63a5ca4c38792d0c9a0cac-VFS/all-product-headers.yaml -std\=gnu11 -fexceptions -fskip-odr-check-in-gmf -fmodules -fmodule-name\=SSBNetwork -fno-implicit-modules -fobjc-exceptions -fmax-type-align\=16 -fpascal-strings -fstack-check -fvisibility-inlines-hidden-static-local-var -mdarwin-stkchk-strong-link -fno-odr-hash-protocols -pic-level 2 -fencode-extended-block-signature -stack-protector 1 -fobjc-runtime\=macosx-13.0.0 -fobjc-arc -fobjc-runtime-has-weak -fobjc-weak -fgnuc-version\=4.2.1 -fblocks -ffp-contract\=on -fclang-abi-compat\=4.0 -fno-experimental-relative-c++-abi-vtables -fno-file-reproducible -clang-vendor-feature\=+disableNonDependentMemberExprInCurrentInstantiation -clang-vendor-feature\=+enableAggressiveVLAFolding -clang-vendor-feature\=+revert09abecef7bbf -clang-vendor-feature\=+thisNoAlignAttr -clang-vendor-feature\=+thisNoNullAttr -clang-vendor-feature\=+disableAtImportPrivateFrameworkInImplementationError -O0 -fno-assume-unique-vtables -fdebug-compilation-dir\=/Users/jack/Software/ScuttleKit -fcoverage-compilation-dir\=/Users/jack/Software/ScuttleKit -fobjc-msgsend-selector-stubs -fregister-global-dtors-with-atexit -fno-strict-return -dwarf-version\=4 -debugger-tuning\=lldb -disable-llvm-verifier -dwarf-ext-refs -funwind-tables\=1 -clear-ast-before-backend -discard-value-names -main-file-name SSBLog.m -mframe-pointer\=non-leaf -debug-info-kind\=standalone -fdiagnostics-hotness-threshold\=0 -fdiagnostics-misexpect-tolerance\=0 -D DEBUG\=1 -D OBJC_OLD_DISPATCH_PROTOTYPES\=0 -D __GCC_HAVE_DWARF2_CFI_ASM\=1 -fdefine-target-os-macros -MT dependencies -dependency-file /Users/jack/Library/Developer/Xcode/DerivedData/SSBNetwork-gobgijqdwpuemuekgwpnxsfiofbs/Build/Intermediates.noindex/SSBNetwork.build/Debug/SSBNetwork.build/Objects-normal/arm64/SSBLog.d -skip-unused-modulemap-deps

CompileC /Users/jack/Library/Developer/Xcode/DerivedData/SSBNetwork-gobgijqdwpuemuekgwpnxsfiofbs/Build/Intermediates.noindex/SSBNetwork.build/Debug/SSBNetwork.build/Objects-normal/arm64/SSBFeedStore.o /Users/jack/Software/ScuttleKit/Sources/SSBFeedStore.m normal arm64 objective-c com.apple.compilers.llvm.clang.1_0.compiler (in target 'SSBNetwork' from project 'SSBNetwork')
    cd /Users/jack/Software/ScuttleKit
    
    Using response file: /Users/jack/Library/Developer/Xcode/DerivedData/SSBNetwork-gobgijqdwpuemuekgwpnxsfiofbs/Build/Intermediates.noindex/SSBNetwork.build/Debug/SSBNetwork.build/Objects-normal/arm64/e6072d4f65d7061329687fe24e3d63a7-common-args.resp
    
    /Applications/Xcode.app/Contents/Developer/Toolchains/XcodeDefault.xctoolchain/usr/bin/clang -x objective-c -ivfsstatcache /Users/jack/Library/Developer/Xcode/DerivedData/SDKStatCaches.noindex/macosx26.2-25C58-00fa09913b459cbbc988d1f6730289ae.sdkstatcache -fmessage-length\=0 -fdiagnostics-show-note-include-stack -fmacro-backtrace-limit\=0 -fno-color-diagnostics -fmodules-prune-interval\=86400 -fmodules-prune-after\=345600 -fbuild-session-file\=/Users/jack/Library/Developer/Xcode/DerivedData/ModuleCache.noindex/Session.modulevalidation -fmodules-validate-once-per-build-session -Wnon-modular-include-in-framework-module -Werror\=non-modular-include-in-framework-module -Wno-trigraphs -Wno-missing-field-initializers -Wno-missing-prototypes -Werror\=return-type -Wdocumentation -Wunreachable-code -Wquoted-include-in-framework-header -Wno-implicit-atomic-properties -Werror\=deprecated-objc-isa-usage -Wno-objc-interface-ivars -Werror\=objc-root-class -Wno-arc-repeated-use-of-weak -Wimplicit-retain-self -Wduplicate-method-match -Wno-missing-braces -Wparentheses -Wswitch -Wunused-function -Wno-unused-label -Wno-unused-parameter -Wunused-variable -Wunused-value -Wempty-body -Wuninitialized -Wconditional-uninitialized -Wno-unknown-pragmas -Wno-shadow -Wno-four-char-constants -Wno-conversion -Wconstant-conversion -Wint-conversion -Wbool-conversion -Wenum-conversion -Wno-float-conversion -Wnon-literal-null-conversion -Wobjc-literal-conversion -Wshorten-64-to-32 -Wpointer-sign -Wno-newline-eof -Wno-selector -Wno-strict-selector-match -Wundeclared-selector -Wdeprecated-implementations -Wno-implicit-fallthrough -fstrict-aliasing -Wprotocol -Wdeprecated-declarations -Wno-sign-conversion -Winfinite-recursion -Wcomma -Wblock-capture-autoreleasing -Wstrict-prototypes -Wno-semicolon-before-method-body -Wunguarded-availability -index-store-path /Users/jack/Library/Developer/Xcode/DerivedData/SSBNetwork-gobgijqdwpuemuekgwpnxsfiofbs/Index.noindex/DataStore @/Users/jack/Library/Developer/Xcode/DerivedData/SSBNetwork-gobgijqdwpuemuekgwpnxsfiofbs/Build/Intermediates.noindex/SSBNetwork.build/Debug/SSBNetwork.build/Objects-normal/arm64/e6072d4f65d7061329687fe24e3d63a7-common-args.resp -MMD -MT dependencies -MF /Users/jack/Library/Developer/Xcode/DerivedData/SSBNetwork-gobgijqdwpuemuekgwpnxsfiofbs/Build/Intermediates.noindex/SSBNetwork.build/Debug/SSBNetwork.build/Objects-normal/arm64/SSBFeedStore.d --serialize-diagnostics /Users/jack/Library/Developer/Xcode/DerivedData/SSBNetwork-gobgijqdwpuemuekgwpnxsfiofbs/Build/Intermediates.noindex/SSBNetwork.build/Debug/SSBNetwork.build/Objects-normal/arm64/SSBFeedStore.dia -c /Users/jack/Software/ScuttleKit/Sources/SSBFeedStore.m -o /Users/jack/Library/Developer/Xcode/DerivedData/SSBNetwork-gobgijqdwpuemuekgwpnxsfiofbs/Build/Intermediates.noindex/SSBNetwork.build/Debug/SSBNetwork.build/Objects-normal/arm64/SSBFeedStore.o -index-unit-output-path /SSBNetwork.build/Debug/SSBNetwork.build/Objects-normal/arm64/SSBFeedStore.o
Failed frontend command:
/Applications/Xcode.app/Contents/Developer/Toolchains/XcodeDefault.xctoolchain/usr/bin/clang -cc1 -Wundef-prefix\=TARGET_OS_ -fdiagnostics-show-note-include-stack -fmacro-backtrace-limit\=0 -fmessage-length\=59 -ferror-limit 19 -serialize-diagnostic-file /Users/jack/Library/Developer/Xcode/DerivedData/SSBNetwork-gobgijqdwpuemuekgwpnxsfiofbs/Build/Intermediates.noindex/SSBNetwork.build/Debug/SSBNetwork.build/Objects-normal/arm64/SSBFeedStore.dia -fcolor-diagnostics -Wdeprecated-objc-isa-usage -Werror\=deprecated-objc-isa-usage -Werror\=implicit-function-declaration -Wnon-modular-include-in-framework-module -Werror\=non-modular-include-in-framework-module -Wno-trigraphs -Wno-missing-field-initializers -Wno-missing-prototypes -Werror\=return-type -Wdocumentation -Wunreachable-code -Wquoted-include-in-framework-header -Wno-implicit-atomic-properties -Werror\=deprecated-objc-isa-usage -Wno-objc-interface-ivars -Werror\=objc-root-class -Wno-arc-repeated-use-of-weak -Wimplicit-retain-self -Wduplicate-method-match -Wno-missing-braces -Wparentheses -Wswitch -Wunused-function -Wno-unused-label -Wno-unused-parameter -Wunused-variable -Wunused-value -Wempty-body -Wuninitialized -Wconditional-uninitialized -Wno-unknown-pragmas -Wno-shadow -Wno-four-char-constants -Wno-conversion -Wconstant-conversion -Wint-conversion -Wbool-conversion -Wenum-conversion -Wno-float-conversion -Wnon-literal-null-conversion -Wobjc-literal-conversion -Wshorten-64-to-32 -Wpointer-sign -Wno-newline-eof -Wno-selector -Wno-strict-selector-match -Wundeclared-selector -Wdeprecated-implementations -Wno-implicit-fallthrough -Wprotocol -Wdeprecated-declarations -Wno-sign-conversion -Winfinite-recursion -Wcomma -Wblock-capture-autoreleasing -Wstrict-prototypes -Wno-semicolon-before-method-body -Wunguarded-availability -Wno-reorder-init-list -Wno-implicit-int-float-conversion -Wno-c99-designator -Wno-final-dtor-non-final-class -Wno-extra-semi-stmt -Wno-misleading-indentation -Wno-implicit-fallthrough -Wno-enum-enum-conversion -Wno-enum-float-conversion -Wno-elaborated-enum-base -index-store-path /Users/jack/Library/Developer/Xcode/DerivedData/SSBNetwork-gobgijqdwpuemuekgwpnxsfiofbs/Index.noindex/DataStore -index-unit-output-path /SSBNetwork.build/Debug/SSBNetwork.build/Objects-normal/arm64/SSBFeedStore.o -fmodule-map-file\=/Users/jack/Library/Developer/Xcode/DerivedData/SSBNetwork-gobgijqdwpuemuekgwpnxsfiofbs/Build/Products/Debug/SSBNetwork.framework/Modules/module.modulemap -fmodule-map-file\=/Applications/Xcode.app/Contents/Developer/Platforms/MacOSX.platform/Developer/SDKs/MacOSX.sdk/System/Library/Frameworks/Foundation.framework/Modules/module.modulemap -fmodule-map-file\=/Applications/Xcode.app/Contents/Developer/Platforms/MacOSX.platform/Developer/SDKs/MacOSX.sdk/usr/include/SQLite3.modulemap -fmodule-map-file\=/Applications/Xcode.app/Contents/Developer/Platforms/MacOSX.platform/Developer/SDKs/MacOSX.sdk/usr/include/os.modulemap -o /Users/jack/Library/Developer/Xcode/DerivedData/SSBNetwork-gobgijqdwpuemuekgwpnxsfiofbs/Build/Intermediates.noindex/SSBNetwork.build/Debug/SSBNetwork.build/Objects-normal/arm64/SSBFeedStore.o -disable-free -emit-obj -x objective-c /Users/jack/Software/ScuttleKit/Sources/SSBFeedStore.m -target-abi darwinpcs -target-cpu apple-m1 -target-feature +zcm -target-feature +zcz -target-feature +v8.5a -target-feature +aes -target-feature +altnzcv -target-feature +ccdp -target-feature +complxnum -target-feature +crc -target-feature +dotprod -target-feature +fp-armv8 -target-feature +fp16fml -target-feature +fptoint -target-feature +fullfp16 -target-feature +jsconv -target-feature +lse -target-feature +neon -target-feature +pauth -target-feature +perfmon -target-feature +predres -target-feature +ras -target-feature +rcpc -target-feature +rdm -target-feature +sb -target-feature +sha2 -target-feature +sha3 -target-feature +specrestrict -target-feature +ssbs -triple arm64-apple-macosx13.0.0 -target-linker-version 1230.1 -target-sdk-version\=26.2 -fmodules-validate-system-headers -fno-modulemap-allow-subdirectory-search -isysroot /Applications/Xcode.app/Contents/Developer/Platforms/MacOSX.platform/Developer/SDKs/MacOSX26.2.sdk -resource-dir /Applications/Xcode.app/Contents/Developer/Toolchains/XcodeDefault.xctoolchain/usr/lib/clang/17 -fmodule-format\=obj -fmodule-file\=Foundation\=/Users/jack/Library/Developer/Xcode/DerivedData/SSBNetwork-gobgijqdwpuemuekgwpnxsfiofbs/Build/Intermediates.noindex/ExplicitPrecompiledModules/Foundation-1FR7NOJJN6Z45F0JHFYAHONL0.pcm -fmodule-file\=SQLite3\=/Users/jack/Library/Developer/Xcode/DerivedData/SSBNetwork-gobgijqdwpuemuekgwpnxsfiofbs/Build/Intermediates.noindex/ExplicitPrecompiledModules/SQLite3-9UNF1OURUIFILTIU92AYGD2RD.pcm -fmodule-file\=os\=/Users/jack/Library/Developer/Xcode/DerivedData/SSBNetwork-gobgijqdwpuemuekgwpnxsfiofbs/Build/Intermediates.noindex/ExplicitPrecompiledModules/os-35KDEZWJU0ZM0NMLZSOAZM0JS.pcm -I /Users/jack/Library/Developer/Xcode/DerivedData/SSBNetwork-gobgijqdwpuemuekgwpnxsfiofbs/Build/Intermediates.noindex/SSBNetwork.build/Debug/SSBNetwork.build/SSBNetwork-own-target-headers.hmap -I /Users/jack/Library/Developer/Xcode/DerivedData/SSBNetwork-gobgijqdwpuemuekgwpnxsfiofbs/Build/Intermediates.noindex/SSBNetwork.build/Debug/SSBNetwork.build/SSBNetwork-all-non-framework-target-headers.hmap -I /Users/jack/Library/Developer/Xcode/DerivedData/SSBNetwork-gobgijqdwpuemuekgwpnxsfiofbs/Build/Products/Debug/include -I /Users/jack/Library/Developer/Xcode/DerivedData/SSBNetwork-gobgijqdwpuemuekgwpnxsfiofbs/Build/Intermediates.noindex/SSBNetwork.build/Debug/SSBNetwork.build/DerivedSources-normal/arm64 -I /Users/jack/Library/Developer/Xcode/DerivedData/SSBNetwork-gobgijqdwpuemuekgwpnxsfiofbs/Build/Intermediates.noindex/SSBNetwork.build/Debug/SSBNetwork.build/DerivedSources/arm64 -I /Users/jack/Library/Developer/Xcode/DerivedData/SSBNetwork-gobgijqdwpuemuekgwpnxsfiofbs/Build/Intermediates.noindex/SSBNetwork.build/Debug/SSBNetwork.build/DerivedSources -F /Users/jack/Library/Developer/Xcode/DerivedData/SSBNetwork-gobgijqdwpuemuekgwpnxsfiofbs/Build/Products/Debug -iquote /Users/jack/Library/Developer/Xcode/DerivedData/SSBNetwork-gobgijqdwpuemuekgwpnxsfiofbs/Build/Intermediates.noindex/SSBNetwork.build/Debug/SSBNetwork.build/SSBNetwork-generated-files.hmap -iquote /Users/jack/Library/Developer/Xcode/DerivedData/SSBNetwork-gobgijqdwpuemuekgwpnxsfiofbs/Build/Intermediates.noindex/SSBNetwork.build/Debug/SSBNetwork.build/SSBNetwork-project-headers.hmap -isystem /Applications/Xcode.app/Contents/Developer/Platforms/MacOSX.platform/Developer/SDKs/MacOSX26.2.sdk/usr/local/include -isystem /Applications/Xcode.app/Contents/Developer/Toolchains/XcodeDefault.xctoolchain/usr/lib/clang/17/include -internal-externc-isystem /Applications/Xcode.app/Contents/Developer/Platforms/MacOSX.platform/Developer/SDKs/MacOSX26.2.sdk/usr/include -internal-externc-isystem /Applications/Xcode.app/Contents/Developer/Toolchains/XcodeDefault.xctoolchain/usr/include -internal-iframework /Applications/Xcode.app/Contents/Developer/Platforms/MacOSX.platform/Developer/SDKs/MacOSX26.2.sdk/System/Library/Frameworks -internal-iframework /Applications/Xcode.app/Contents/Developer/Platforms/MacOSX.platform/Developer/SDKs/MacOSX26.2.sdk/System/Library/SubFrameworks -internal-iframework /Applications/Xcode.app/Contents/Developer/Platforms/MacOSX.platform/Developer/SDKs/MacOSX26.2.sdk/Library/Frameworks -ivfsstatcache /Users/jack/Library/Developer/Xcode/DerivedData/SDKStatCaches.noindex/macosx26.2-25C58-00fa09913b459cbbc988d1f6730289ae.sdkstatcache -ivfsoverlay /Users/jack/Library/Developer/Xcode/DerivedData/SSBNetwork-gobgijqdwpuemuekgwpnxsfiofbs/Build/Intermediates.noindex/SSBNetwork.build/Debug/SSBNetwork-c12bc2201d63a5ca4c38792d0c9a0cac-VFS/all-product-headers.yaml -std\=gnu11 -fexceptions -fskip-odr-check-in-gmf -fmodules -fmodule-name\=SSBNetwork -fno-implicit-modules -fobjc-exceptions -fmax-type-align\=16 -fpascal-strings -fstack-check -fvisibility-inlines-hidden-static-local-var -mdarwin-stkchk-strong-link -fno-odr-hash-protocols -pic-level 2 -fencode-extended-block-signature -stack-protector 1 -fobjc-runtime\=macosx-13.0.0 -fobjc-arc -fobjc-runtime-has-weak -fobjc-weak -fgnuc-version\=4.2.1 -fblocks -ffp-contract\=on -fclang-abi-compat\=4.0 -fno-experimental-relative-c++-abi-vtables -fno-file-reproducible -clang-vendor-feature\=+disableNonDependentMemberExprInCurrentInstantiation -clang-vendor-feature\=+enableAggressiveVLAFolding -clang-vendor-feature\=+revert09abecef7bbf -clang-vendor-feature\=+thisNoAlignAttr -clang-vendor-feature\=+thisNoNullAttr -clang-vendor-feature\=+disableAtImportPrivateFrameworkInImplementationError -O0 -fno-assume-unique-vtables -fdebug-compilation-dir\=/Users/jack/Software/ScuttleKit -fcoverage-compilation-dir\=/Users/jack/Software/ScuttleKit -fobjc-msgsend-selector-stubs -fregister-global-dtors-with-atexit -fno-strict-return -dwarf-version\=4 -debugger-tuning\=lldb -disable-llvm-verifier -dwarf-ext-refs -funwind-tables\=1 -clear-ast-before-backend -discard-value-names -main-file-name SSBFeedStore.m -mframe-pointer\=non-leaf -debug-info-kind\=standalone -fdiagnostics-hotness-threshold\=0 -fdiagnostics-misexpect-tolerance\=0 -D DEBUG\=1 -D OBJC_OLD_DISPATCH_PROTOTYPES\=0 -D __GCC_HAVE_DWARF2_CFI_ASM\=1 -fdefine-target-os-macros -MT dependencies -dependency-file /Users/jack/Library/Developer/Xcode/DerivedData/SSBNetwork-gobgijqdwpuemuekgwpnxsfiofbs/Build/Intermediates.noindex/SSBNetwork.build/Debug/SSBNetwork.build/Objects-normal/arm64/SSBFeedStore.d -skip-unused-modulemap-deps

PrecompileModule /Users/jack/Library/Developer/Xcode/DerivedData/SSBNetwork-gobgijqdwpuemuekgwpnxsfiofbs/Build/Intermediates.noindex/ExplicitPrecompiledModules/CoreText-4F9VAJY11Y5U4XNOWOW4A21MR.scan
    cd /
    builtin-precompileModule /Users/jack/Library/Developer/Xcode/DerivedData/SSBNetwork-gobgijqdwpuemuekgwpnxsfiofbs/Build/Intermediates.noindex/ExplicitPrecompiledModules/CoreText-4F9VAJY11Y5U4XNOWOW4A21MR.scan

PrecompileModule /Users/jack/Library/Developer/Xcode/DerivedData/SSBNetwork-gobgijqdwpuemuekgwpnxsfiofbs/Build/Intermediates.noindex/ExplicitPrecompiledModules/OpenGL-2SO4F3SPJ5GV7IMHL3VMJRTK2.scan
    cd /
    builtin-precompileModule /Users/jack/Library/Developer/Xcode/DerivedData/SSBNetwork-gobgijqdwpuemuekgwpnxsfiofbs/Build/Intermediates.noindex/ExplicitPrecompiledModules/OpenGL-2SO4F3SPJ5GV7IMHL3VMJRTK2.scan

PrecompileModule /Users/jack/Library/Developer/Xcode/DerivedData/SSBNetwork-gobgijqdwpuemuekgwpnxsfiofbs/Build/Intermediates.noindex/ExplicitPrecompiledModules/_Builtin_intrinsics-A7Z419MQILU47ZEJTR9057L2G.scan
    cd /
    builtin-precompileModule /Users/jack/Library/Developer/Xcode/DerivedData/SSBNetwork-gobgijqdwpuemuekgwpnxsfiofbs/Build/Intermediates.noindex/ExplicitPrecompiledModules/_Builtin_intrinsics-A7Z419MQILU47ZEJTR9057L2G.scan

PrecompileModule /Users/jack/Library/Developer/Xcode/DerivedData/SSBNetwork-gobgijqdwpuemuekgwpnxsfiofbs/Build/Intermediates.noindex/ExplicitPrecompiledModules/CUPS-AK4M6G09Q87139YPYX7VETEVF.scan
    cd /
    builtin-precompileModule /Users/jack/Library/Developer/Xcode/DerivedData/SSBNetwork-gobgijqdwpuemuekgwpnxsfiofbs/Build/Intermediates.noindex/ExplicitPrecompiledModules/CUPS-AK4M6G09Q87139YPYX7VETEVF.scan

PrecompileModule /Users/jack/Library/Developer/Xcode/DerivedData/SSBNetwork-gobgijqdwpuemuekgwpnxsfiofbs/Build/Intermediates.noindex/ExplicitPrecompiledModules/_Builtin_tgmath-6EOKIO1ON9NSQ1VTKEE6FX0JK.scan
    cd /
    builtin-precompileModule /Users/jack/Library/Developer/Xcode/DerivedData/SSBNetwork-gobgijqdwpuemuekgwpnxsfiofbs/Build/Intermediates.noindex/ExplicitPrecompiledModules/_Builtin_tgmath-6EOKIO1ON9NSQ1VTKEE6FX0JK.scan

PrecompileModule /Users/jack/Library/Developer/Xcode/DerivedData/SSBNetwork-gobgijqdwpuemuekgwpnxsfiofbs/Build/Intermediates.noindex/ExplicitPrecompiledModules/Metal-SVCP5RXH6Z49A7L035O2V9M9.scan
    cd /
    builtin-precompileModule /Users/jack/Library/Developer/Xcode/DerivedData/SSBNetwork-gobgijqdwpuemuekgwpnxsfiofbs/Build/Intermediates.noindex/ExplicitPrecompiledModules/Metal-SVCP5RXH6Z49A7L035O2V9M9.scan

PrecompileModule /Users/jack/Library/Developer/Xcode/DerivedData/SSBNetwork-gobgijqdwpuemuekgwpnxsfiofbs/Build/Intermediates.noindex/ExplicitPrecompiledModules/ImageIO-E36J65NCOPIUGD1T6VLEFQDB1.scan
    cd /
    builtin-precompileModule /Users/jack/Library/Developer/Xcode/DerivedData/SSBNetwork-gobgijqdwpuemuekgwpnxsfiofbs/Build/Intermediates.noindex/ExplicitPrecompiledModules/ImageIO-E36J65NCOPIUGD1T6VLEFQDB1.scan

** BUILD FAILED **


The following build commands failed:
	CompileC /Users/jack/Library/Developer/Xcode/DerivedData/SSBNetwork-gobgijqdwpuemuekgwpnxsfiofbs/Build/Intermediates.noindex/SSBNetwork.build/Debug/SSBNetwork.build/Objects-normal/arm64/SSBLog.o /Users/jack/Software/ScuttleKit/Sources/SSBLog.m normal arm64 objective-c com.apple.compilers.llvm.clang.1_0.compiler (in target 'SSBNetwork' from project 'SSBNetwork')
	Building project SSBNetwork with scheme SSBNetwork
(2 failures)
