Command line invocation:
    /Applications/Xcode.app/Contents/Developer/usr/bin/xcodebuild -scheme SSBNetwork -destination platform=macOS test

--- xcodebuild: WARNING: Using the first of multiple matching destinations:
{ platform:macOS, arch:arm64, id:00008103-0009582126DA001E, name:My Mac }
{ platform:macOS, arch:x86_64, id:00008103-0009582126DA001E, name:My Mac }
ComputePackagePrebuildTargetDependencyGraph

Prepare packages

CreateBuildRequest

SendProjectDescription

CreateBuildOperation

ComputeTargetDependencyGraph
note: Building targets in dependency order
note: Target dependency graph (2 targets)
    Target 'SSBNetworkTests' in project 'SSBNetwork'
        ➜ Explicit dependency on target 'SSBNetwork' in project 'SSBNetwork'
    Target 'SSBNetwork' in project 'SSBNetwork' (no dependencies)

GatherProvisioningInputs

CreateBuildDescription

ClangStatCache /Applications/Xcode.app/Contents/Developer/Toolchains/XcodeDefault.xctoolchain/usr/bin/clang-stat-cache /Applications/Xcode.app/Contents/Developer/Platforms/MacOSX.platform/Developer/SDKs/MacOSX26.2.sdk /Users/jack/Library/Developer/Xcode/DerivedData/SDKStatCaches.noindex/macosx26.2-25C58-00fa09913b459cbbc988d1f6730289ae.sdkstatcache
    cd /Users/jack/Software/ScuttleKit/SSBNetwork.xcodeproj
    /Applications/Xcode.app/Contents/Developer/Toolchains/XcodeDefault.xctoolchain/usr/bin/clang-stat-cache /Applications/Xcode.app/Contents/Developer/Platforms/MacOSX.platform/Developer/SDKs/MacOSX26.2.sdk -o /Users/jack/Library/Developer/Xcode/DerivedData/SDKStatCaches.noindex/macosx26.2-25C58-00fa09913b459cbbc988d1f6730289ae.sdkstatcache

CpHeader /Users/jack/Library/Developer/Xcode/DerivedData/SSBNetwork-gobgijqdwpuemuekgwpnxsfiofbs/Build/Products/Debug/SSBNetwork.framework/Versions/A/Headers/SSBMuxRPCSession.h /Users/jack/Software/ScuttleKit/Sources/SSBMuxRPCSession.h (in target 'SSBNetwork' from project 'SSBNetwork')
    cd /Users/jack/Software/ScuttleKit
    builtin-copy -exclude .DS_Store -exclude CVS -exclude .svn -exclude .git -exclude .hg -resolve-src-symlinks /Users/jack/Software/ScuttleKit/Sources/SSBMuxRPCSession.h /Users/jack/Library/Developer/Xcode/DerivedData/SSBNetwork-gobgijqdwpuemuekgwpnxsfiofbs/Build/Products/Debug/SSBNetwork.framework/Versions/A/Headers

ScanDependencies /Users/jack/Library/Developer/Xcode/DerivedData/SSBNetwork-gobgijqdwpuemuekgwpnxsfiofbs/Build/Intermediates.noindex/SSBNetwork.build/Debug/SSBNetwork.build/Objects-normal/arm64/SSBMuxRPCSession.o /Users/jack/Software/ScuttleKit/Sources/SSBMuxRPCSession.m normal arm64 objective-c com.apple.compilers.llvm.clang.1_0.compiler (in target 'SSBNetwork' from project 'SSBNetwork')
    cd /Users/jack/Software/ScuttleKit
    
    Using response file: /Users/jack/Library/Developer/Xcode/DerivedData/SSBNetwork-gobgijqdwpuemuekgwpnxsfiofbs/Build/Intermediates.noindex/SSBNetwork.build/Debug/SSBNetwork.build/Objects-normal/arm64/e6072d4f65d7061329687fe24e3d63a7-common-args.resp
    
    builtin-ScanDependencies -o /Users/jack/Library/Developer/Xcode/DerivedData/SSBNetwork-gobgijqdwpuemuekgwpnxsfiofbs/Build/Intermediates.noindex/SSBNetwork.build/Debug/SSBNetwork.build/Objects-normal/arm64/SSBMuxRPCSession.o.scan -- /Applications/Xcode.app/Contents/Developer/Toolchains/XcodeDefault.xctoolchain/usr/bin/clang -x objective-c -ivfsstatcache /Users/jack/Library/Developer/Xcode/DerivedData/SDKStatCaches.noindex/macosx26.2-25C58-00fa09913b459cbbc988d1f6730289ae.sdkstatcache -fmessage-length\=0 -fdiagnostics-show-note-include-stack -fmacro-backtrace-limit\=0 -fno-color-diagnostics -fmodules-prune-interval\=86400 -fmodules-prune-after\=345600 -fbuild-session-file\=/Users/jack/Library/Developer/Xcode/DerivedData/ModuleCache.noindex/Session.modulevalidation -fmodules-validate-once-per-build-session -Wnon-modular-include-in-framework-module -Werror\=non-modular-include-in-framework-module -Wno-trigraphs -Wno-missing-field-initializers -Wno-missing-prototypes -Werror\=return-type -Wdocumentation -Wunreachable-code -Wquoted-include-in-framework-header -Wno-implicit-atomic-properties -Werror\=deprecated-objc-isa-usage -Wno-objc-interface-ivars -Werror\=objc-root-class -Wno-arc-repeated-use-of-weak -Wimplicit-retain-self -Wduplicate-method-match -Wno-missing-braces -Wparentheses -Wswitch -Wunused-function -Wno-unused-label -Wno-unused-parameter -Wunused-variable -Wunused-value -Wempty-body -Wuninitialized -Wconditional-uninitialized -Wno-unknown-pragmas -Wno-shadow -Wno-four-char-constants -Wno-conversion -Wconstant-conversion -Wint-conversion -Wbool-conversion -Wenum-conversion -Wno-float-conversion -Wnon-literal-null-conversion -Wobjc-literal-conversion -Wshorten-64-to-32 -Wpointer-sign -Wno-newline-eof -Wno-selector -Wno-strict-selector-match -Wundeclared-selector -Wdeprecated-implementations -Wno-implicit-fallthrough -fstrict-aliasing -Wprotocol -Wdeprecated-declarations -Wno-sign-conversion -Winfinite-recursion -Wcomma -Wblock-capture-autoreleasing -Wstrict-prototypes -Wno-semicolon-before-method-body -Wunguarded-availability -index-store-path /Users/jack/Library/Developer/Xcode/DerivedData/SSBNetwork-gobgijqdwpuemuekgwpnxsfiofbs/Index.noindex/DataStore @/Users/jack/Library/Developer/Xcode/DerivedData/SSBNetwork-gobgijqdwpuemuekgwpnxsfiofbs/Build/Intermediates.noindex/SSBNetwork.build/Debug/SSBNetwork.build/Objects-normal/arm64/e6072d4f65d7061329687fe24e3d63a7-common-args.resp -MMD -MT dependencies -MF /Users/jack/Library/Developer/Xcode/DerivedData/SSBNetwork-gobgijqdwpuemuekgwpnxsfiofbs/Build/Intermediates.noindex/SSBNetwork.build/Debug/SSBNetwork.build/Objects-normal/arm64/SSBMuxRPCSession.d --serialize-diagnostics /Users/jack/Library/Developer/Xcode/DerivedData/SSBNetwork-gobgijqdwpuemuekgwpnxsfiofbs/Build/Intermediates.noindex/SSBNetwork.build/Debug/SSBNetwork.build/Objects-normal/arm64/SSBMuxRPCSession.dia -c /Users/jack/Software/ScuttleKit/Sources/SSBMuxRPCSession.m -o /Users/jack/Library/Developer/Xcode/DerivedData/SSBNetwork-gobgijqdwpuemuekgwpnxsfiofbs/Build/Intermediates.noindex/SSBNetwork.build/Debug/SSBNetwork.build/Objects-normal/arm64/SSBMuxRPCSession.o -index-unit-output-path /SSBNetwork.build/Debug/SSBNetwork.build/Objects-normal/arm64/SSBMuxRPCSession.o

ScanDependencies /Users/jack/Library/Developer/Xcode/DerivedData/SSBNetwork-gobgijqdwpuemuekgwpnxsfiofbs/Build/Intermediates.noindex/SSBNetwork.build/Debug/SSBNetwork.build/Objects-normal/arm64/SSBRoomClient.o /Users/jack/Software/ScuttleKit/Sources/SSBRoomClient.m normal arm64 objective-c com.apple.compilers.llvm.clang.1_0.compiler (in target 'SSBNetwork' from project 'SSBNetwork')
    cd /Users/jack/Software/ScuttleKit
    
    Using response file: /Users/jack/Library/Developer/Xcode/DerivedData/SSBNetwork-gobgijqdwpuemuekgwpnxsfiofbs/Build/Intermediates.noindex/SSBNetwork.build/Debug/SSBNetwork.build/Objects-normal/arm64/e6072d4f65d7061329687fe24e3d63a7-common-args.resp
    
    builtin-ScanDependencies -o /Users/jack/Library/Developer/Xcode/DerivedData/SSBNetwork-gobgijqdwpuemuekgwpnxsfiofbs/Build/Intermediates.noindex/SSBNetwork.build/Debug/SSBNetwork.build/Objects-normal/arm64/SSBRoomClient.o.scan -- /Applications/Xcode.app/Contents/Developer/Toolchains/XcodeDefault.xctoolchain/usr/bin/clang -x objective-c -ivfsstatcache /Users/jack/Library/Developer/Xcode/DerivedData/SDKStatCaches.noindex/macosx26.2-25C58-00fa09913b459cbbc988d1f6730289ae.sdkstatcache -fmessage-length\=0 -fdiagnostics-show-note-include-stack -fmacro-backtrace-limit\=0 -fno-color-diagnostics -fmodules-prune-interval\=86400 -fmodules-prune-after\=345600 -fbuild-session-file\=/Users/jack/Library/Developer/Xcode/DerivedData/ModuleCache.noindex/Session.modulevalidation -fmodules-validate-once-per-build-session -Wnon-modular-include-in-framework-module -Werror\=non-modular-include-in-framework-module -Wno-trigraphs -Wno-missing-field-initializers -Wno-missing-prototypes -Werror\=return-type -Wdocumentation -Wunreachable-code -Wquoted-include-in-framework-header -Wno-implicit-atomic-properties -Werror\=deprecated-objc-isa-usage -Wno-objc-interface-ivars -Werror\=objc-root-class -Wno-arc-repeated-use-of-weak -Wimplicit-retain-self -Wduplicate-method-match -Wno-missing-braces -Wparentheses -Wswitch -Wunused-function -Wno-unused-label -Wno-unused-parameter -Wunused-variable -Wunused-value -Wempty-body -Wuninitialized -Wconditional-uninitialized -Wno-unknown-pragmas -Wno-shadow -Wno-four-char-constants -Wno-conversion -Wconstant-conversion -Wint-conversion -Wbool-conversion -Wenum-conversion -Wno-float-conversion -Wnon-literal-null-conversion -Wobjc-literal-conversion -Wshorten-64-to-32 -Wpointer-sign -Wno-newline-eof -Wno-selector -Wno-strict-selector-match -Wundeclared-selector -Wdeprecated-implementations -Wno-implicit-fallthrough -fstrict-aliasing -Wprotocol -Wdeprecated-declarations -Wno-sign-conversion -Winfinite-recursion -Wcomma -Wblock-capture-autoreleasing -Wstrict-prototypes -Wno-semicolon-before-method-body -Wunguarded-availability -index-store-path /Users/jack/Library/Developer/Xcode/DerivedData/SSBNetwork-gobgijqdwpuemuekgwpnxsfiofbs/Index.noindex/DataStore @/Users/jack/Library/Developer/Xcode/DerivedData/SSBNetwork-gobgijqdwpuemuekgwpnxsfiofbs/Build/Intermediates.noindex/SSBNetwork.build/Debug/SSBNetwork.build/Objects-normal/arm64/e6072d4f65d7061329687fe24e3d63a7-common-args.resp -MMD -MT dependencies -MF /Users/jack/Library/Developer/Xcode/DerivedData/SSBNetwork-gobgijqdwpuemuekgwpnxsfiofbs/Build/Intermediates.noindex/SSBNetwork.build/Debug/SSBNetwork.build/Objects-normal/arm64/SSBRoomClient.d --serialize-diagnostics /Users/jack/Library/Developer/Xcode/DerivedData/SSBNetwork-gobgijqdwpuemuekgwpnxsfiofbs/Build/Intermediates.noindex/SSBNetwork.build/Debug/SSBNetwork.build/Objects-normal/arm64/SSBRoomClient.dia -c /Users/jack/Software/ScuttleKit/Sources/SSBRoomClient.m -o /Users/jack/Library/Developer/Xcode/DerivedData/SSBNetwork-gobgijqdwpuemuekgwpnxsfiofbs/Build/Intermediates.noindex/SSBNetwork.build/Debug/SSBNetwork.build/Objects-normal/arm64/SSBRoomClient.o -index-unit-output-path /SSBNetwork.build/Debug/SSBNetwork.build/Objects-normal/arm64/SSBRoomClient.o

CompileC /Users/jack/Library/Developer/Xcode/DerivedData/SSBNetwork-gobgijqdwpuemuekgwpnxsfiofbs/Build/Intermediates.noindex/SSBNetwork.build/Debug/SSBNetwork.build/Objects-normal/arm64/SSBMuxRPCSession.o /Users/jack/Software/ScuttleKit/Sources/SSBMuxRPCSession.m normal arm64 objective-c com.apple.compilers.llvm.clang.1_0.compiler (in target 'SSBNetwork' from project 'SSBNetwork')
    cd /Users/jack/Software/ScuttleKit
    
    Using response file: /Users/jack/Library/Developer/Xcode/DerivedData/SSBNetwork-gobgijqdwpuemuekgwpnxsfiofbs/Build/Intermediates.noindex/SSBNetwork.build/Debug/SSBNetwork.build/Objects-normal/arm64/e6072d4f65d7061329687fe24e3d63a7-common-args.resp
    
    /Applications/Xcode.app/Contents/Developer/Toolchains/XcodeDefault.xctoolchain/usr/bin/clang -x objective-c -ivfsstatcache /Users/jack/Library/Developer/Xcode/DerivedData/SDKStatCaches.noindex/macosx26.2-25C58-00fa09913b459cbbc988d1f6730289ae.sdkstatcache -fmessage-length\=0 -fdiagnostics-show-note-include-stack -fmacro-backtrace-limit\=0 -fno-color-diagnostics -fmodules-prune-interval\=86400 -fmodules-prune-after\=345600 -fbuild-session-file\=/Users/jack/Library/Developer/Xcode/DerivedData/ModuleCache.noindex/Session.modulevalidation -fmodules-validate-once-per-build-session -Wnon-modular-include-in-framework-module -Werror\=non-modular-include-in-framework-module -Wno-trigraphs -Wno-missing-field-initializers -Wno-missing-prototypes -Werror\=return-type -Wdocumentation -Wunreachable-code -Wquoted-include-in-framework-header -Wno-implicit-atomic-properties -Werror\=deprecated-objc-isa-usage -Wno-objc-interface-ivars -Werror\=objc-root-class -Wno-arc-repeated-use-of-weak -Wimplicit-retain-self -Wduplicate-method-match -Wno-missing-braces -Wparentheses -Wswitch -Wunused-function -Wno-unused-label -Wno-unused-parameter -Wunused-variable -Wunused-value -Wempty-body -Wuninitialized -Wconditional-uninitialized -Wno-unknown-pragmas -Wno-shadow -Wno-four-char-constants -Wno-conversion -Wconstant-conversion -Wint-conversion -Wbool-conversion -Wenum-conversion -Wno-float-conversion -Wnon-literal-null-conversion -Wobjc-literal-conversion -Wshorten-64-to-32 -Wpointer-sign -Wno-newline-eof -Wno-selector -Wno-strict-selector-match -Wundeclared-selector -Wdeprecated-implementations -Wno-implicit-fallthrough -fstrict-aliasing -Wprotocol -Wdeprecated-declarations -Wno-sign-conversion -Winfinite-recursion -Wcomma -Wblock-capture-autoreleasing -Wstrict-prototypes -Wno-semicolon-before-method-body -Wunguarded-availability -index-store-path /Users/jack/Library/Developer/Xcode/DerivedData/SSBNetwork-gobgijqdwpuemuekgwpnxsfiofbs/Index.noindex/DataStore @/Users/jack/Library/Developer/Xcode/DerivedData/SSBNetwork-gobgijqdwpuemuekgwpnxsfiofbs/Build/Intermediates.noindex/SSBNetwork.build/Debug/SSBNetwork.build/Objects-normal/arm64/e6072d4f65d7061329687fe24e3d63a7-common-args.resp -MMD -MT dependencies -MF /Users/jack/Library/Developer/Xcode/DerivedData/SSBNetwork-gobgijqdwpuemuekgwpnxsfiofbs/Build/Intermediates.noindex/SSBNetwork.build/Debug/SSBNetwork.build/Objects-normal/arm64/SSBMuxRPCSession.d --serialize-diagnostics /Users/jack/Library/Developer/Xcode/DerivedData/SSBNetwork-gobgijqdwpuemuekgwpnxsfiofbs/Build/Intermediates.noindex/SSBNetwork.build/Debug/SSBNetwork.build/Objects-normal/arm64/SSBMuxRPCSession.dia -c /Users/jack/Software/ScuttleKit/Sources/SSBMuxRPCSession.m -o /Users/jack/Library/Developer/Xcode/DerivedData/SSBNetwork-gobgijqdwpuemuekgwpnxsfiofbs/Build/Intermediates.noindex/SSBNetwork.build/Debug/SSBNetwork.build/Objects-normal/arm64/SSBMuxRPCSession.o -index-unit-output-path /SSBNetwork.build/Debug/SSBNetwork.build/Objects-normal/arm64/SSBMuxRPCSession.o

CompileC /Users/jack/Library/Developer/Xcode/DerivedData/SSBNetwork-gobgijqdwpuemuekgwpnxsfiofbs/Build/Intermediates.noindex/SSBNetwork.build/Debug/SSBNetwork.build/Objects-normal/arm64/SSBRoomClient.o /Users/jack/Software/ScuttleKit/Sources/SSBRoomClient.m normal arm64 objective-c com.apple.compilers.llvm.clang.1_0.compiler (in target 'SSBNetwork' from project 'SSBNetwork')
    cd /Users/jack/Software/ScuttleKit
    
    Using response file: /Users/jack/Library/Developer/Xcode/DerivedData/SSBNetwork-gobgijqdwpuemuekgwpnxsfiofbs/Build/Intermediates.noindex/SSBNetwork.build/Debug/SSBNetwork.build/Objects-normal/arm64/e6072d4f65d7061329687fe24e3d63a7-common-args.resp
    
    /Applications/Xcode.app/Contents/Developer/Toolchains/XcodeDefault.xctoolchain/usr/bin/clang -x objective-c -ivfsstatcache /Users/jack/Library/Developer/Xcode/DerivedData/SDKStatCaches.noindex/macosx26.2-25C58-00fa09913b459cbbc988d1f6730289ae.sdkstatcache -fmessage-length\=0 -fdiagnostics-show-note-include-stack -fmacro-backtrace-limit\=0 -fno-color-diagnostics -fmodules-prune-interval\=86400 -fmodules-prune-after\=345600 -fbuild-session-file\=/Users/jack/Library/Developer/Xcode/DerivedData/ModuleCache.noindex/Session.modulevalidation -fmodules-validate-once-per-build-session -Wnon-modular-include-in-framework-module -Werror\=non-modular-include-in-framework-module -Wno-trigraphs -Wno-missing-field-initializers -Wno-missing-prototypes -Werror\=return-type -Wdocumentation -Wunreachable-code -Wquoted-include-in-framework-header -Wno-implicit-atomic-properties -Werror\=deprecated-objc-isa-usage -Wno-objc-interface-ivars -Werror\=objc-root-class -Wno-arc-repeated-use-of-weak -Wimplicit-retain-self -Wduplicate-method-match -Wno-missing-braces -Wparentheses -Wswitch -Wunused-function -Wno-unused-label -Wno-unused-parameter -Wunused-variable -Wunused-value -Wempty-body -Wuninitialized -Wconditional-uninitialized -Wno-unknown-pragmas -Wno-shadow -Wno-four-char-constants -Wno-conversion -Wconstant-conversion -Wint-conversion -Wbool-conversion -Wenum-conversion -Wno-float-conversion -Wnon-literal-null-conversion -Wobjc-literal-conversion -Wshorten-64-to-32 -Wpointer-sign -Wno-newline-eof -Wno-selector -Wno-strict-selector-match -Wundeclared-selector -Wdeprecated-implementations -Wno-implicit-fallthrough -fstrict-aliasing -Wprotocol -Wdeprecated-declarations -Wno-sign-conversion -Winfinite-recursion -Wcomma -Wblock-capture-autoreleasing -Wstrict-prototypes -Wno-semicolon-before-method-body -Wunguarded-availability -index-store-path /Users/jack/Library/Developer/Xcode/DerivedData/SSBNetwork-gobgijqdwpuemuekgwpnxsfiofbs/Index.noindex/DataStore @/Users/jack/Library/Developer/Xcode/DerivedData/SSBNetwork-gobgijqdwpuemuekgwpnxsfiofbs/Build/Intermediates.noindex/SSBNetwork.build/Debug/SSBNetwork.build/Objects-normal/arm64/e6072d4f65d7061329687fe24e3d63a7-common-args.resp -MMD -MT dependencies -MF /Users/jack/Library/Developer/Xcode/DerivedData/SSBNetwork-gobgijqdwpuemuekgwpnxsfiofbs/Build/Intermediates.noindex/SSBNetwork.build/Debug/SSBNetwork.build/Objects-normal/arm64/SSBRoomClient.d --serialize-diagnostics /Users/jack/Library/Developer/Xcode/DerivedData/SSBNetwork-gobgijqdwpuemuekgwpnxsfiofbs/Build/Intermediates.noindex/SSBNetwork.build/Debug/SSBNetwork.build/Objects-normal/arm64/SSBRoomClient.dia -c /Users/jack/Software/ScuttleKit/Sources/SSBRoomClient.m -o /Users/jack/Library/Developer/Xcode/DerivedData/SSBNetwork-gobgijqdwpuemuekgwpnxsfiofbs/Build/Intermediates.noindex/SSBNetwork.build/Debug/SSBNetwork.build/Objects-normal/arm64/SSBRoomClient.o -index-unit-output-path /SSBNetwork.build/Debug/SSBNetwork.build/Objects-normal/arm64/SSBRoomClient.o

Ld /Users/jack/Library/Developer/Xcode/DerivedData/SSBNetwork-gobgijqdwpuemuekgwpnxsfiofbs/Build/Products/Debug/SSBNetwork.framework/Versions/A/SSBNetwork normal (in target 'SSBNetwork' from project 'SSBNetwork')
    cd /Users/jack/Software/ScuttleKit
    /Applications/Xcode.app/Contents/Developer/Toolchains/XcodeDefault.xctoolchain/usr/bin/clang -Xlinker -reproducible -target arm64-apple-macos13.0 -dynamiclib -isysroot /Applications/Xcode.app/Contents/Developer/Platforms/MacOSX.platform/Developer/SDKs/MacOSX26.2.sdk -O0 -L/Users/jack/Library/Developer/Xcode/DerivedData/SSBNetwork-gobgijqdwpuemuekgwpnxsfiofbs/Build/Intermediates.noindex/EagerLinkingTBDs/Debug -L/Users/jack/Library/Developer/Xcode/DerivedData/SSBNetwork-gobgijqdwpuemuekgwpnxsfiofbs/Build/Products/Debug -F/Users/jack/Library/Developer/Xcode/DerivedData/SSBNetwork-gobgijqdwpuemuekgwpnxsfiofbs/Build/Intermediates.noindex/EagerLinkingTBDs/Debug -F/Users/jack/Library/Developer/Xcode/DerivedData/SSBNetwork-gobgijqdwpuemuekgwpnxsfiofbs/Build/Products/Debug -filelist /Users/jack/Library/Developer/Xcode/DerivedData/SSBNetwork-gobgijqdwpuemuekgwpnxsfiofbs/Build/Intermediates.noindex/SSBNetwork.build/Debug/SSBNetwork.build/Objects-normal/arm64/SSBNetwork.LinkFileList -install_name @rpath/SSBNetwork.framework/Versions/A/SSBNetwork -Xlinker -rpath -Xlinker @executable_path/../Frameworks -Xlinker -object_path_lto -Xlinker /Users/jack/Library/Developer/Xcode/DerivedData/SSBNetwork-gobgijqdwpuemuekgwpnxsfiofbs/Build/Intermediates.noindex/SSBNetwork.build/Debug/SSBNetwork.build/Objects-normal/arm64/SSBNetwork_lto.o -rdynamic -Xlinker -no_deduplicate -Xlinker -dependency_info -Xlinker /Users/jack/Library/Developer/Xcode/DerivedData/SSBNetwork-gobgijqdwpuemuekgwpnxsfiofbs/Build/Intermediates.noindex/SSBNetwork.build/Debug/SSBNetwork.build/Objects-normal/arm64/SSBNetwork_dependency_info.dat -fobjc-arc -fobjc-link-runtime -lsqlite3 -framework Security -compatibility_version 1 -current_version 1 -o /Users/jack/Library/Developer/Xcode/DerivedData/SSBNetwork-gobgijqdwpuemuekgwpnxsfiofbs/Build/Products/Debug/SSBNetwork.framework/Versions/A/SSBNetwork

GenerateTAPI /Users/jack/Library/Developer/Xcode/DerivedData/SSBNetwork-gobgijqdwpuemuekgwpnxsfiofbs/Build/Intermediates.noindex/EagerLinkingTBDs/Debug/SSBNetwork.framework/Versions/A/SSBNetwork.tbd (in target 'SSBNetwork' from project 'SSBNetwork')
    cd /Users/jack/Software/ScuttleKit
    /Applications/Xcode.app/Contents/Developer/Toolchains/XcodeDefault.xctoolchain/usr/bin/tapi stubify -isysroot /Applications/Xcode.app/Contents/Developer/Platforms/MacOSX.platform/Developer/SDKs/MacOSX26.2.sdk -F/Users/jack/Library/Developer/Xcode/DerivedData/SSBNetwork-gobgijqdwpuemuekgwpnxsfiofbs/Build/Products/Debug -L/Users/jack/Library/Developer/Xcode/DerivedData/SSBNetwork-gobgijqdwpuemuekgwpnxsfiofbs/Build/Products/Debug /Users/jack/Library/Developer/Xcode/DerivedData/SSBNetwork-gobgijqdwpuemuekgwpnxsfiofbs/Build/Products/Debug/SSBNetwork.framework/Versions/A/SSBNetwork -o /Users/jack/Library/Developer/Xcode/DerivedData/SSBNetwork-gobgijqdwpuemuekgwpnxsfiofbs/Build/Intermediates.noindex/EagerLinkingTBDs/Debug/SSBNetwork.framework/Versions/A/SSBNetwork.tbd

ScanDependencies /Users/jack/Library/Developer/Xcode/DerivedData/SSBNetwork-gobgijqdwpuemuekgwpnxsfiofbs/Build/Intermediates.noindex/SSBNetwork.build/Debug/SSBNetworkTests.build/Objects-normal/arm64/RoomInviteHandlerTests.o /Users/jack/Software/ScuttleKit/Tests/RoomInviteHandlerTests.m normal arm64 objective-c com.apple.compilers.llvm.clang.1_0.compiler (in target 'SSBNetworkTests' from project 'SSBNetwork')
    cd /Users/jack/Software/ScuttleKit
    
    Using response file: /Users/jack/Library/Developer/Xcode/DerivedData/SSBNetwork-gobgijqdwpuemuekgwpnxsfiofbs/Build/Intermediates.noindex/SSBNetwork.build/Debug/SSBNetworkTests.build/Objects-normal/arm64/e6072d4f65d7061329687fe24e3d63a7-common-args.resp
    
    builtin-ScanDependencies -o /Users/jack/Library/Developer/Xcode/DerivedData/SSBNetwork-gobgijqdwpuemuekgwpnxsfiofbs/Build/Intermediates.noindex/SSBNetwork.build/Debug/SSBNetworkTests.build/Objects-normal/arm64/RoomInviteHandlerTests.o.scan -- /Applications/Xcode.app/Contents/Developer/Toolchains/XcodeDefault.xctoolchain/usr/bin/clang -x objective-c -ivfsstatcache /Users/jack/Library/Developer/Xcode/DerivedData/SDKStatCaches.noindex/macosx26.2-25C58-00fa09913b459cbbc988d1f6730289ae.sdkstatcache -fmessage-length\=0 -fdiagnostics-show-note-include-stack -fmacro-backtrace-limit\=0 -fno-color-diagnostics -fmodules-prune-interval\=86400 -fmodules-prune-after\=345600 -fbuild-session-file\=/Users/jack/Library/Developer/Xcode/DerivedData/ModuleCache.noindex/Session.modulevalidation -fmodules-validate-once-per-build-session -Wnon-modular-include-in-framework-module -Werror\=non-modular-include-in-framework-module -Wno-trigraphs -Wno-missing-field-initializers -Wno-missing-prototypes -Werror\=return-type -Wdocumentation -Wunreachable-code -Wquoted-include-in-framework-header -Wno-implicit-atomic-properties -Werror\=deprecated-objc-isa-usage -Wno-objc-interface-ivars -Werror\=objc-root-class -Wno-arc-repeated-use-of-weak -Wimplicit-retain-self -Wduplicate-method-match -Wno-missing-braces -Wparentheses -Wswitch -Wunused-function -Wno-unused-label -Wno-unused-parameter -Wunused-variable -Wunused-value -Wempty-body -Wuninitialized -Wconditional-uninitialized -Wno-unknown-pragmas -Wno-shadow -Wno-four-char-constants -Wno-conversion -Wconstant-conversion -Wint-conversion -Wbool-conversion -Wenum-conversion -Wno-float-conversion -Wnon-literal-null-conversion -Wobjc-literal-conversion -Wshorten-64-to-32 -Wpointer-sign -Wno-newline-eof -Wno-selector -Wno-strict-selector-match -Wundeclared-selector -Wdeprecated-implementations -Wno-implicit-fallthrough -fstrict-aliasing -Wprotocol -Wdeprecated-declarations -Wno-sign-conversion -Winfinite-recursion -Wcomma -Wblock-capture-autoreleasing -Wstrict-prototypes -Wno-semicolon-before-method-body -Wunguarded-availability -index-store-path /Users/jack/Library/Developer/Xcode/DerivedData/SSBNetwork-gobgijqdwpuemuekgwpnxsfiofbs/Index.noindex/DataStore @/Users/jack/Library/Developer/Xcode/DerivedData/SSBNetwork-gobgijqdwpuemuekgwpnxsfiofbs/Build/Intermediates.noindex/SSBNetwork.build/Debug/SSBNetworkTests.build/Objects-normal/arm64/e6072d4f65d7061329687fe24e3d63a7-common-args.resp -MMD -MT dependencies -MF /Users/jack/Library/Developer/Xcode/DerivedData/SSBNetwork-gobgijqdwpuemuekgwpnxsfiofbs/Build/Intermediates.noindex/SSBNetwork.build/Debug/SSBNetworkTests.build/Objects-normal/arm64/RoomInviteHandlerTests.d --serialize-diagnostics /Users/jack/Library/Developer/Xcode/DerivedData/SSBNetwork-gobgijqdwpuemuekgwpnxsfiofbs/Build/Intermediates.noindex/SSBNetwork.build/Debug/SSBNetworkTests.build/Objects-normal/arm64/RoomInviteHandlerTests.dia -c /Users/jack/Software/ScuttleKit/Tests/RoomInviteHandlerTests.m -o /Users/jack/Library/Developer/Xcode/DerivedData/SSBNetwork-gobgijqdwpuemuekgwpnxsfiofbs/Build/Intermediates.noindex/SSBNetwork.build/Debug/SSBNetworkTests.build/Objects-normal/arm64/RoomInviteHandlerTests.o -index-unit-output-path /SSBNetwork.build/Debug/SSBNetworkTests.build/Objects-normal/arm64/RoomInviteHandlerTests.o

ScanDependencies /Users/jack/Library/Developer/Xcode/DerivedData/SSBNetwork-gobgijqdwpuemuekgwpnxsfiofbs/Build/Intermediates.noindex/SSBNetwork.build/Debug/SSBNetworkTests.build/Objects-normal/arm64/SSBFramerTests.o /Users/jack/Software/ScuttleKit/Tests/SSBFramerTests.m normal arm64 objective-c com.apple.compilers.llvm.clang.1_0.compiler (in target 'SSBNetworkTests' from project 'SSBNetwork')
    cd /Users/jack/Software/ScuttleKit
    
    Using response file: /Users/jack/Library/Developer/Xcode/DerivedData/SSBNetwork-gobgijqdwpuemuekgwpnxsfiofbs/Build/Intermediates.noindex/SSBNetwork.build/Debug/SSBNetworkTests.build/Objects-normal/arm64/e6072d4f65d7061329687fe24e3d63a7-common-args.resp
    
    builtin-ScanDependencies -o /Users/jack/Library/Developer/Xcode/DerivedData/SSBNetwork-gobgijqdwpuemuekgwpnxsfiofbs/Build/Intermediates.noindex/SSBNetwork.build/Debug/SSBNetworkTests.build/Objects-normal/arm64/SSBFramerTests.o.scan -- /Applications/Xcode.app/Contents/Developer/Toolchains/XcodeDefault.xctoolchain/usr/bin/clang -x objective-c -ivfsstatcache /Users/jack/Library/Developer/Xcode/DerivedData/SDKStatCaches.noindex/macosx26.2-25C58-00fa09913b459cbbc988d1f6730289ae.sdkstatcache -fmessage-length\=0 -fdiagnostics-show-note-include-stack -fmacro-backtrace-limit\=0 -fno-color-diagnostics -fmodules-prune-interval\=86400 -fmodules-prune-after\=345600 -fbuild-session-file\=/Users/jack/Library/Developer/Xcode/DerivedData/ModuleCache.noindex/Session.modulevalidation -fmodules-validate-once-per-build-session -Wnon-modular-include-in-framework-module -Werror\=non-modular-include-in-framework-module -Wno-trigraphs -Wno-missing-field-initializers -Wno-missing-prototypes -Werror\=return-type -Wdocumentation -Wunreachable-code -Wquoted-include-in-framework-header -Wno-implicit-atomic-properties -Werror\=deprecated-objc-isa-usage -Wno-objc-interface-ivars -Werror\=objc-root-class -Wno-arc-repeated-use-of-weak -Wimplicit-retain-self -Wduplicate-method-match -Wno-missing-braces -Wparentheses -Wswitch -Wunused-function -Wno-unused-label -Wno-unused-parameter -Wunused-variable -Wunused-value -Wempty-body -Wuninitialized -Wconditional-uninitialized -Wno-unknown-pragmas -Wno-shadow -Wno-four-char-constants -Wno-conversion -Wconstant-conversion -Wint-conversion -Wbool-conversion -Wenum-conversion -Wno-float-conversion -Wnon-literal-null-conversion -Wobjc-literal-conversion -Wshorten-64-to-32 -Wpointer-sign -Wno-newline-eof -Wno-selector -Wno-strict-selector-match -Wundeclared-selector -Wdeprecated-implementations -Wno-implicit-fallthrough -fstrict-aliasing -Wprotocol -Wdeprecated-declarations -Wno-sign-conversion -Winfinite-recursion -Wcomma -Wblock-capture-autoreleasing -Wstrict-prototypes -Wno-semicolon-before-method-body -Wunguarded-availability -index-store-path /Users/jack/Library/Developer/Xcode/DerivedData/SSBNetwork-gobgijqdwpuemuekgwpnxsfiofbs/Index.noindex/DataStore @/Users/jack/Library/Developer/Xcode/DerivedData/SSBNetwork-gobgijqdwpuemuekgwpnxsfiofbs/Build/Intermediates.noindex/SSBNetwork.build/Debug/SSBNetworkTests.build/Objects-normal/arm64/e6072d4f65d7061329687fe24e3d63a7-common-args.resp -MMD -MT dependencies -MF /Users/jack/Library/Developer/Xcode/DerivedData/SSBNetwork-gobgijqdwpuemuekgwpnxsfiofbs/Build/Intermediates.noindex/SSBNetwork.build/Debug/SSBNetworkTests.build/Objects-normal/arm64/SSBFramerTests.d --serialize-diagnostics /Users/jack/Library/Developer/Xcode/DerivedData/SSBNetwork-gobgijqdwpuemuekgwpnxsfiofbs/Build/Intermediates.noindex/SSBNetwork.build/Debug/SSBNetworkTests.build/Objects-normal/arm64/SSBFramerTests.dia -c /Users/jack/Software/ScuttleKit/Tests/SSBFramerTests.m -o /Users/jack/Library/Developer/Xcode/DerivedData/SSBNetwork-gobgijqdwpuemuekgwpnxsfiofbs/Build/Intermediates.noindex/SSBNetwork.build/Debug/SSBNetworkTests.build/Objects-normal/arm64/SSBFramerTests.o -index-unit-output-path /SSBNetwork.build/Debug/SSBNetworkTests.build/Objects-normal/arm64/SSBFramerTests.o

ScanDependencies /Users/jack/Library/Developer/Xcode/DerivedData/SSBNetwork-gobgijqdwpuemuekgwpnxsfiofbs/Build/Intermediates.noindex/SSBNetwork.build/Debug/SSBNetworkTests.build/Objects-normal/arm64/SSBRoomProtocolBugfixTests.o /Users/jack/Software/ScuttleKit/Tests/SSBRoomProtocolBugfixTests.m normal arm64 objective-c com.apple.compilers.llvm.clang.1_0.compiler (in target 'SSBNetworkTests' from project 'SSBNetwork')
    cd /Users/jack/Software/ScuttleKit
    
    Using response file: /Users/jack/Library/Developer/Xcode/DerivedData/SSBNetwork-gobgijqdwpuemuekgwpnxsfiofbs/Build/Intermediates.noindex/SSBNetwork.build/Debug/SSBNetworkTests.build/Objects-normal/arm64/e6072d4f65d7061329687fe24e3d63a7-common-args.resp
    
    builtin-ScanDependencies -o /Users/jack/Library/Developer/Xcode/DerivedData/SSBNetwork-gobgijqdwpuemuekgwpnxsfiofbs/Build/Intermediates.noindex/SSBNetwork.build/Debug/SSBNetworkTests.build/Objects-normal/arm64/SSBRoomProtocolBugfixTests.o.scan -- /Applications/Xcode.app/Contents/Developer/Toolchains/XcodeDefault.xctoolchain/usr/bin/clang -x objective-c -ivfsstatcache /Users/jack/Library/Developer/Xcode/DerivedData/SDKStatCaches.noindex/macosx26.2-25C58-00fa09913b459cbbc988d1f6730289ae.sdkstatcache -fmessage-length\=0 -fdiagnostics-show-note-include-stack -fmacro-backtrace-limit\=0 -fno-color-diagnostics -fmodules-prune-interval\=86400 -fmodules-prune-after\=345600 -fbuild-session-file\=/Users/jack/Library/Developer/Xcode/DerivedData/ModuleCache.noindex/Session.modulevalidation -fmodules-validate-once-per-build-session -Wnon-modular-include-in-framework-module -Werror\=non-modular-include-in-framework-module -Wno-trigraphs -Wno-missing-field-initializers -Wno-missing-prototypes -Werror\=return-type -Wdocumentation -Wunreachable-code -Wquoted-include-in-framework-header -Wno-implicit-atomic-properties -Werror\=deprecated-objc-isa-usage -Wno-objc-interface-ivars -Werror\=objc-root-class -Wno-arc-repeated-use-of-weak -Wimplicit-retain-self -Wduplicate-method-match -Wno-missing-braces -Wparentheses -Wswitch -Wunused-function -Wno-unused-label -Wno-unused-parameter -Wunused-variable -Wunused-value -Wempty-body -Wuninitialized -Wconditional-uninitialized -Wno-unknown-pragmas -Wno-shadow -Wno-four-char-constants -Wno-conversion -Wconstant-conversion -Wint-conversion -Wbool-conversion -Wenum-conversion -Wno-float-conversion -Wnon-literal-null-conversion -Wobjc-literal-conversion -Wshorten-64-to-32 -Wpointer-sign -Wno-newline-eof -Wno-selector -Wno-strict-selector-match -Wundeclared-selector -Wdeprecated-implementations -Wno-implicit-fallthrough -fstrict-aliasing -Wprotocol -Wdeprecated-declarations -Wno-sign-conversion -Winfinite-recursion -Wcomma -Wblock-capture-autoreleasing -Wstrict-prototypes -Wno-semicolon-before-method-body -Wunguarded-availability -index-store-path /Users/jack/Library/Developer/Xcode/DerivedData/SSBNetwork-gobgijqdwpuemuekgwpnxsfiofbs/Index.noindex/DataStore @/Users/jack/Library/Developer/Xcode/DerivedData/SSBNetwork-gobgijqdwpuemuekgwpnxsfiofbs/Build/Intermediates.noindex/SSBNetwork.build/Debug/SSBNetworkTests.build/Objects-normal/arm64/e6072d4f65d7061329687fe24e3d63a7-common-args.resp -MMD -MT dependencies -MF /Users/jack/Library/Developer/Xcode/DerivedData/SSBNetwork-gobgijqdwpuemuekgwpnxsfiofbs/Build/Intermediates.noindex/SSBNetwork.build/Debug/SSBNetworkTests.build/Objects-normal/arm64/SSBRoomProtocolBugfixTests.d --serialize-diagnostics /Users/jack/Library/Developer/Xcode/DerivedData/SSBNetwork-gobgijqdwpuemuekgwpnxsfiofbs/Build/Intermediates.noindex/SSBNetwork.build/Debug/SSBNetworkTests.build/Objects-normal/arm64/SSBRoomProtocolBugfixTests.dia -c /Users/jack/Software/ScuttleKit/Tests/SSBRoomProtocolBugfixTests.m -o /Users/jack/Library/Developer/Xcode/DerivedData/SSBNetwork-gobgijqdwpuemuekgwpnxsfiofbs/Build/Intermediates.noindex/SSBNetwork.build/Debug/SSBNetworkTests.build/Objects-normal/arm64/SSBRoomProtocolBugfixTests.o -index-unit-output-path /SSBNetwork.build/Debug/SSBNetworkTests.build/Objects-normal/arm64/SSBRoomProtocolBugfixTests.o

ScanDependencies /Users/jack/Library/Developer/Xcode/DerivedData/SSBNetwork-gobgijqdwpuemuekgwpnxsfiofbs/Build/Intermediates.noindex/SSBNetwork.build/Debug/SSBNetworkTests.build/Objects-normal/arm64/SSBConnectionFSMTests.o /Users/jack/Software/ScuttleKit/Tests/SSBConnectionFSMTests.m normal arm64 objective-c com.apple.compilers.llvm.clang.1_0.compiler (in target 'SSBNetworkTests' from project 'SSBNetwork')
    cd /Users/jack/Software/ScuttleKit
    
    Using response file: /Users/jack/Library/Developer/Xcode/DerivedData/SSBNetwork-gobgijqdwpuemuekgwpnxsfiofbs/Build/Intermediates.noindex/SSBNetwork.build/Debug/SSBNetworkTests.build/Objects-normal/arm64/e6072d4f65d7061329687fe24e3d63a7-common-args.resp
    
    builtin-ScanDependencies -o /Users/jack/Library/Developer/Xcode/DerivedData/SSBNetwork-gobgijqdwpuemuekgwpnxsfiofbs/Build/Intermediates.noindex/SSBNetwork.build/Debug/SSBNetworkTests.build/Objects-normal/arm64/SSBConnectionFSMTests.o.scan -- /Applications/Xcode.app/Contents/Developer/Toolchains/XcodeDefault.xctoolchain/usr/bin/clang -x objective-c -ivfsstatcache /Users/jack/Library/Developer/Xcode/DerivedData/SDKStatCaches.noindex/macosx26.2-25C58-00fa09913b459cbbc988d1f6730289ae.sdkstatcache -fmessage-length\=0 -fdiagnostics-show-note-include-stack -fmacro-backtrace-limit\=0 -fno-color-diagnostics -fmodules-prune-interval\=86400 -fmodules-prune-after\=345600 -fbuild-session-file\=/Users/jack/Library/Developer/Xcode/DerivedData/ModuleCache.noindex/Session.modulevalidation -fmodules-validate-once-per-build-session -Wnon-modular-include-in-framework-module -Werror\=non-modular-include-in-framework-module -Wno-trigraphs -Wno-missing-field-initializers -Wno-missing-prototypes -Werror\=return-type -Wdocumentation -Wunreachable-code -Wquoted-include-in-framework-header -Wno-implicit-atomic-properties -Werror\=deprecated-objc-isa-usage -Wno-objc-interface-ivars -Werror\=objc-root-class -Wno-arc-repeated-use-of-weak -Wimplicit-retain-self -Wduplicate-method-match -Wno-missing-braces -Wparentheses -Wswitch -Wunused-function -Wno-unused-label -Wno-unused-parameter -Wunused-variable -Wunused-value -Wempty-body -Wuninitialized -Wconditional-uninitialized -Wno-unknown-pragmas -Wno-shadow -Wno-four-char-constants -Wno-conversion -Wconstant-conversion -Wint-conversion -Wbool-conversion -Wenum-conversion -Wno-float-conversion -Wnon-literal-null-conversion -Wobjc-literal-conversion -Wshorten-64-to-32 -Wpointer-sign -Wno-newline-eof -Wno-selector -Wno-strict-selector-match -Wundeclared-selector -Wdeprecated-implementations -Wno-implicit-fallthrough -fstrict-aliasing -Wprotocol -Wdeprecated-declarations -Wno-sign-conversion -Winfinite-recursion -Wcomma -Wblock-capture-autoreleasing -Wstrict-prototypes -Wno-semicolon-before-method-body -Wunguarded-availability -index-store-path /Users/jack/Library/Developer/Xcode/DerivedData/SSBNetwork-gobgijqdwpuemuekgwpnxsfiofbs/Index.noindex/DataStore @/Users/jack/Library/Developer/Xcode/DerivedData/SSBNetwork-gobgijqdwpuemuekgwpnxsfiofbs/Build/Intermediates.noindex/SSBNetwork.build/Debug/SSBNetworkTests.build/Objects-normal/arm64/e6072d4f65d7061329687fe24e3d63a7-common-args.resp -MMD -MT dependencies -MF /Users/jack/Library/Developer/Xcode/DerivedData/SSBNetwork-gobgijqdwpuemuekgwpnxsfiofbs/Build/Intermediates.noindex/SSBNetwork.build/Debug/SSBNetworkTests.build/Objects-normal/arm64/SSBConnectionFSMTests.d --serialize-diagnostics /Users/jack/Library/Developer/Xcode/DerivedData/SSBNetwork-gobgijqdwpuemuekgwpnxsfiofbs/Build/Intermediates.noindex/SSBNetwork.build/Debug/SSBNetworkTests.build/Objects-normal/arm64/SSBConnectionFSMTests.dia -c /Users/jack/Software/ScuttleKit/Tests/SSBConnectionFSMTests.m -o /Users/jack/Library/Developer/Xcode/DerivedData/SSBNetwork-gobgijqdwpuemuekgwpnxsfiofbs/Build/Intermediates.noindex/SSBNetwork.build/Debug/SSBNetworkTests.build/Objects-normal/arm64/SSBConnectionFSMTests.o -index-unit-output-path /SSBNetwork.build/Debug/SSBNetworkTests.build/Objects-normal/arm64/SSBConnectionFSMTests.o

ScanDependencies /Users/jack/Library/Developer/Xcode/DerivedData/SSBNetwork-gobgijqdwpuemuekgwpnxsfiofbs/Build/Intermediates.noindex/SSBNetwork.build/Debug/SSBNetworkTests.build/Objects-normal/arm64/SSBBFETests.o /Users/jack/Software/ScuttleKit/Tests/SSBBFETests.m normal arm64 objective-c com.apple.compilers.llvm.clang.1_0.compiler (in target 'SSBNetworkTests' from project 'SSBNetwork')
    cd /Users/jack/Software/ScuttleKit
    
    Using response file: /Users/jack/Library/Developer/Xcode/DerivedData/SSBNetwork-gobgijqdwpuemuekgwpnxsfiofbs/Build/Intermediates.noindex/SSBNetwork.build/Debug/SSBNetworkTests.build/Objects-normal/arm64/e6072d4f65d7061329687fe24e3d63a7-common-args.resp
    
    builtin-ScanDependencies -o /Users/jack/Library/Developer/Xcode/DerivedData/SSBNetwork-gobgijqdwpuemuekgwpnxsfiofbs/Build/Intermediates.noindex/SSBNetwork.build/Debug/SSBNetworkTests.build/Objects-normal/arm64/SSBBFETests.o.scan -- /Applications/Xcode.app/Contents/Developer/Toolchains/XcodeDefault.xctoolchain/usr/bin/clang -x objective-c -ivfsstatcache /Users/jack/Library/Developer/Xcode/DerivedData/SDKStatCaches.noindex/macosx26.2-25C58-00fa09913b459cbbc988d1f6730289ae.sdkstatcache -fmessage-length\=0 -fdiagnostics-show-note-include-stack -fmacro-backtrace-limit\=0 -fno-color-diagnostics -fmodules-prune-interval\=86400 -fmodules-prune-after\=345600 -fbuild-session-file\=/Users/jack/Library/Developer/Xcode/DerivedData/ModuleCache.noindex/Session.modulevalidation -fmodules-validate-once-per-build-session -Wnon-modular-include-in-framework-module -Werror\=non-modular-include-in-framework-module -Wno-trigraphs -Wno-missing-field-initializers -Wno-missing-prototypes -Werror\=return-type -Wdocumentation -Wunreachable-code -Wquoted-include-in-framework-header -Wno-implicit-atomic-properties -Werror\=deprecated-objc-isa-usage -Wno-objc-interface-ivars -Werror\=objc-root-class -Wno-arc-repeated-use-of-weak -Wimplicit-retain-self -Wduplicate-method-match -Wno-missing-braces -Wparentheses -Wswitch -Wunused-function -Wno-unused-label -Wno-unused-parameter -Wunused-variable -Wunused-value -Wempty-body -Wuninitialized -Wconditional-uninitialized -Wno-unknown-pragmas -Wno-shadow -Wno-four-char-constants -Wno-conversion -Wconstant-conversion -Wint-conversion -Wbool-conversion -Wenum-conversion -Wno-float-conversion -Wnon-literal-null-conversion -Wobjc-literal-conversion -Wshorten-64-to-32 -Wpointer-sign -Wno-newline-eof -Wno-selector -Wno-strict-selector-match -Wundeclared-selector -Wdeprecated-implementations -Wno-implicit-fallthrough -fstrict-aliasing -Wprotocol -Wdeprecated-declarations -Wno-sign-conversion -Winfinite-recursion -Wcomma -Wblock-capture-autoreleasing -Wstrict-prototypes -Wno-semicolon-before-method-body -Wunguarded-availability -index-store-path /Users/jack/Library/Developer/Xcode/DerivedData/SSBNetwork-gobgijqdwpuemuekgwpnxsfiofbs/Index.noindex/DataStore @/Users/jack/Library/Developer/Xcode/DerivedData/SSBNetwork-gobgijqdwpuemuekgwpnxsfiofbs/Build/Intermediates.noindex/SSBNetwork.build/Debug/SSBNetworkTests.build/Objects-normal/arm64/e6072d4f65d7061329687fe24e3d63a7-common-args.resp -MMD -MT dependencies -MF /Users/jack/Library/Developer/Xcode/DerivedData/SSBNetwork-gobgijqdwpuemuekgwpnxsfiofbs/Build/Intermediates.noindex/SSBNetwork.build/Debug/SSBNetworkTests.build/Objects-normal/arm64/SSBBFETests.d --serialize-diagnostics /Users/jack/Library/Developer/Xcode/DerivedData/SSBNetwork-gobgijqdwpuemuekgwpnxsfiofbs/Build/Intermediates.noindex/SSBNetwork.build/Debug/SSBNetworkTests.build/Objects-normal/arm64/SSBBFETests.dia -c /Users/jack/Software/ScuttleKit/Tests/SSBBFETests.m -o /Users/jack/Library/Developer/Xcode/DerivedData/SSBNetwork-gobgijqdwpuemuekgwpnxsfiofbs/Build/Intermediates.noindex/SSBNetwork.build/Debug/SSBNetworkTests.build/Objects-normal/arm64/SSBBFETests.o -index-unit-output-path /SSBNetwork.build/Debug/SSBNetworkTests.build/Objects-normal/arm64/SSBBFETests.o

PrecompileModule /Users/jack/Library/Developer/Xcode/DerivedData/SSBNetwork-gobgijqdwpuemuekgwpnxsfiofbs/Build/Intermediates.noindex/ExplicitPrecompiledModules/SSBNetwork-9ZCBGGQ0KXXN8YTCIM913FEO8.scan
    cd /
    builtin-precompileModule /Users/jack/Library/Developer/Xcode/DerivedData/SSBNetwork-gobgijqdwpuemuekgwpnxsfiofbs/Build/Intermediates.noindex/ExplicitPrecompiledModules/SSBNetwork-9ZCBGGQ0KXXN8YTCIM913FEO8.scan
While building module 'SSBNetwork':
In file included from <module-includes>:1:
In file included from /Users/jack/Software/ScuttleKit/Sources/SSBNetwork.h:5:
/Users/jack/Software/ScuttleKit/Sources/SSBMuxRPCSession.h:3:9: warning: double-quoted include "SSBMuxRPC.h" in framework header, expected angle-bracketed instead [-Wquoted-include-in-framework-header]
    3 | #import "SSBMuxRPC.h"
      |         ^~~~~~~~~~~~~
      |         <SSBMuxRPC.h>
While building module 'SSBNetwork':
In file included from <module-includes>:1:
In file included from /Users/jack/Software/ScuttleKit/Sources/SSBNetwork.h:7:
/Users/jack/Software/ScuttleKit/Sources/SSBRoomClient.h:2:9: warning: double-quoted include "SSBMuxRPC.h" in framework header, expected angle-bracketed instead [-Wquoted-include-in-framework-header]
    2 | #import "SSBMuxRPC.h"
      |         ^~~~~~~~~~~~~
      |         <SSBMuxRPC.h>
/Users/jack/Software/ScuttleKit/Sources/SSBRoomClient.h:3:9: warning: double-quoted include "RoomInviteHandler.h" in framework header, expected angle-bracketed instead [-Wquoted-include-in-framework-header]
    3 | #import "RoomInviteHandler.h"
      |         ^~~~~~~~~~~~~~~~~~~~~
      |         <RoomInviteHandler.h>
/Users/jack/Software/ScuttleKit/Sources/SSBRoomClient.h:4:9: warning: double-quoted include "SSBFeedStore.h" in framework header, expected angle-bracketed instead [-Wquoted-include-in-framework-header]
    4 | #import "SSBFeedStore.h"
      |         ^~~~~~~~~~~~~~~~
      |         <SSBFeedStore.h>
/Users/jack/Software/ScuttleKit/Sources/SSBRoomClient.h:5:9: warning: double-quoted include "SSBMessageCodec.h" in framework header, expected angle-bracketed instead [-Wquoted-include-in-framework-header]
    5 | #import "SSBMessageCodec.h"
      |         ^~~~~~~~~~~~~~~~~~~
      |         <SSBMessageCodec.h>
While building module 'SSBNetwork':
In file included from <module-includes>:1:
In file included from /Users/jack/Software/ScuttleKit/Sources/SSBNetwork.h:21:
/Users/jack/Software/ScuttleKit/Sources/RoomStorage.h:2:9: warning: double-quoted include "RoomInviteHandler.h" in framework header, expected angle-bracketed instead [-Wquoted-include-in-framework-header]
    2 | #import "RoomInviteHandler.h"
      |         ^~~~~~~~~~~~~~~~~~~~~
      |         <RoomInviteHandler.h>
While building module 'SSBNetwork':
In file included from <module-includes>:1:
In file included from /Users/jack/Software/ScuttleKit/Sources/SSBNetwork.h:24:
/Users/jack/Software/ScuttleKit/Sources/SSBIndexFeedGenerator.h:2:9: warning: double-quoted include "SSBFeedStore.h" in framework header, expected angle-bracketed instead [-Wquoted-include-in-framework-header]
    2 | #import "SSBFeedStore.h"
      |         ^~~~~~~~~~~~~~~~
      |         <SSBFeedStore.h>
While building module 'SSBNetwork':
In file included from <module-includes>:1:
/Users/jack/Software/ScuttleKit/Sources/SSBNetwork.h:27:33: warning: umbrella header for module 'SSBNetwork' does not include header 'SSBKeychain.h' [-Wincomplete-umbrella]
   27 | #import <SSBNetwork/tweetnacl.h>
      |                                 ^
8 warnings generated.

CompileC /Users/jack/Library/Developer/Xcode/DerivedData/SSBNetwork-gobgijqdwpuemuekgwpnxsfiofbs/Build/Intermediates.noindex/SSBNetwork.build/Debug/SSBNetworkTests.build/Objects-normal/arm64/SSBRoomProtocolBugfixTests.o /Users/jack/Software/ScuttleKit/Tests/SSBRoomProtocolBugfixTests.m normal arm64 objective-c com.apple.compilers.llvm.clang.1_0.compiler (in target 'SSBNetworkTests' from project 'SSBNetwork')
    cd /Users/jack/Software/ScuttleKit
    
    Using response file: /Users/jack/Library/Developer/Xcode/DerivedData/SSBNetwork-gobgijqdwpuemuekgwpnxsfiofbs/Build/Intermediates.noindex/SSBNetwork.build/Debug/SSBNetworkTests.build/Objects-normal/arm64/e6072d4f65d7061329687fe24e3d63a7-common-args.resp
    
    /Applications/Xcode.app/Contents/Developer/Toolchains/XcodeDefault.xctoolchain/usr/bin/clang -x objective-c -ivfsstatcache /Users/jack/Library/Developer/Xcode/DerivedData/SDKStatCaches.noindex/macosx26.2-25C58-00fa09913b459cbbc988d1f6730289ae.sdkstatcache -fmessage-length\=0 -fdiagnostics-show-note-include-stack -fmacro-backtrace-limit\=0 -fno-color-diagnostics -fmodules-prune-interval\=86400 -fmodules-prune-after\=345600 -fbuild-session-file\=/Users/jack/Library/Developer/Xcode/DerivedData/ModuleCache.noindex/Session.modulevalidation -fmodules-validate-once-per-build-session -Wnon-modular-include-in-framework-module -Werror\=non-modular-include-in-framework-module -Wno-trigraphs -Wno-missing-field-initializers -Wno-missing-prototypes -Werror\=return-type -Wdocumentation -Wunreachable-code -Wquoted-include-in-framework-header -Wno-implicit-atomic-properties -Werror\=deprecated-objc-isa-usage -Wno-objc-interface-ivars -Werror\=objc-root-class -Wno-arc-repeated-use-of-weak -Wimplicit-retain-self -Wduplicate-method-match -Wno-missing-braces -Wparentheses -Wswitch -Wunused-function -Wno-unused-label -Wno-unused-parameter -Wunused-variable -Wunused-value -Wempty-body -Wuninitialized -Wconditional-uninitialized -Wno-unknown-pragmas -Wno-shadow -Wno-four-char-constants -Wno-conversion -Wconstant-conversion -Wint-conversion -Wbool-conversion -Wenum-conversion -Wno-float-conversion -Wnon-literal-null-conversion -Wobjc-literal-conversion -Wshorten-64-to-32 -Wpointer-sign -Wno-newline-eof -Wno-selector -Wno-strict-selector-match -Wundeclared-selector -Wdeprecated-implementations -Wno-implicit-fallthrough -fstrict-aliasing -Wprotocol -Wdeprecated-declarations -Wno-sign-conversion -Winfinite-recursion -Wcomma -Wblock-capture-autoreleasing -Wstrict-prototypes -Wno-semicolon-before-method-body -Wunguarded-availability -index-store-path /Users/jack/Library/Developer/Xcode/DerivedData/SSBNetwork-gobgijqdwpuemuekgwpnxsfiofbs/Index.noindex/DataStore @/Users/jack/Library/Developer/Xcode/DerivedData/SSBNetwork-gobgijqdwpuemuekgwpnxsfiofbs/Build/Intermediates.noindex/SSBNetwork.build/Debug/SSBNetworkTests.build/Objects-normal/arm64/e6072d4f65d7061329687fe24e3d63a7-common-args.resp -MMD -MT dependencies -MF /Users/jack/Library/Developer/Xcode/DerivedData/SSBNetwork-gobgijqdwpuemuekgwpnxsfiofbs/Build/Intermediates.noindex/SSBNetwork.build/Debug/SSBNetworkTests.build/Objects-normal/arm64/SSBRoomProtocolBugfixTests.d --serialize-diagnostics /Users/jack/Library/Developer/Xcode/DerivedData/SSBNetwork-gobgijqdwpuemuekgwpnxsfiofbs/Build/Intermediates.noindex/SSBNetwork.build/Debug/SSBNetworkTests.build/Objects-normal/arm64/SSBRoomProtocolBugfixTests.dia -c /Users/jack/Software/ScuttleKit/Tests/SSBRoomProtocolBugfixTests.m -o /Users/jack/Library/Developer/Xcode/DerivedData/SSBNetwork-gobgijqdwpuemuekgwpnxsfiofbs/Build/Intermediates.noindex/SSBNetwork.build/Debug/SSBNetworkTests.build/Objects-normal/arm64/SSBRoomProtocolBugfixTests.o -index-unit-output-path /SSBNetwork.build/Debug/SSBNetworkTests.build/Objects-normal/arm64/SSBRoomProtocolBugfixTests.o
/Users/jack/Software/ScuttleKit/Tests/SSBRoomProtocolBugfixTests.m:35:17: warning: method definition for 'handleAttendantsResponse:' not found [-Wincomplete-implementation]
   35 | @implementation SSBRoomClient (TestAccess)
      |                 ^
/Users/jack/Software/ScuttleKit/Tests/SSBRoomProtocolBugfixTests.m:29:1: note: method 'handleAttendantsResponse:' declared here
   29 | - (void)handleAttendantsResponse:(id)response;
      | ^
/Users/jack/Software/ScuttleKit/Tests/SSBRoomProtocolBugfixTests.m:2800:24: warning: unused variable 'disconnectedClient' [-Wunused-variable]
 2800 |         SSBRoomClient *disconnectedClient = [[SSBRoomClient alloc] initWithHost:@"test.room"
      |                        ^~~~~~~~~~~~~~~~~~
2 warnings generated.

CompileC /Users/jack/Library/Developer/Xcode/DerivedData/SSBNetwork-gobgijqdwpuemuekgwpnxsfiofbs/Build/Intermediates.noindex/SSBNetwork.build/Debug/SSBNetworkTests.build/Objects-normal/arm64/SSBConnectionFSMTests.o /Users/jack/Software/ScuttleKit/Tests/SSBConnectionFSMTests.m normal arm64 objective-c com.apple.compilers.llvm.clang.1_0.compiler (in target 'SSBNetworkTests' from project 'SSBNetwork')
    cd /Users/jack/Software/ScuttleKit
    
    Using response file: /Users/jack/Library/Developer/Xcode/DerivedData/SSBNetwork-gobgijqdwpuemuekgwpnxsfiofbs/Build/Intermediates.noindex/SSBNetwork.build/Debug/SSBNetworkTests.build/Objects-normal/arm64/e6072d4f65d7061329687fe24e3d63a7-common-args.resp
    
    /Applications/Xcode.app/Contents/Developer/Toolchains/XcodeDefault.xctoolchain/usr/bin/clang -x objective-c -ivfsstatcache /Users/jack/Library/Developer/Xcode/DerivedData/SDKStatCaches.noindex/macosx26.2-25C58-00fa09913b459cbbc988d1f6730289ae.sdkstatcache -fmessage-length\=0 -fdiagnostics-show-note-include-stack -fmacro-backtrace-limit\=0 -fno-color-diagnostics -fmodules-prune-interval\=86400 -fmodules-prune-after\=345600 -fbuild-session-file\=/Users/jack/Library/Developer/Xcode/DerivedData/ModuleCache.noindex/Session.modulevalidation -fmodules-validate-once-per-build-session -Wnon-modular-include-in-framework-module -Werror\=non-modular-include-in-framework-module -Wno-trigraphs -Wno-missing-field-initializers -Wno-missing-prototypes -Werror\=return-type -Wdocumentation -Wunreachable-code -Wquoted-include-in-framework-header -Wno-implicit-atomic-properties -Werror\=deprecated-objc-isa-usage -Wno-objc-interface-ivars -Werror\=objc-root-class -Wno-arc-repeated-use-of-weak -Wimplicit-retain-self -Wduplicate-method-match -Wno-missing-braces -Wparentheses -Wswitch -Wunused-function -Wno-unused-label -Wno-unused-parameter -Wunused-variable -Wunused-value -Wempty-body -Wuninitialized -Wconditional-uninitialized -Wno-unknown-pragmas -Wno-shadow -Wno-four-char-constants -Wno-conversion -Wconstant-conversion -Wint-conversion -Wbool-conversion -Wenum-conversion -Wno-float-conversion -Wnon-literal-null-conversion -Wobjc-literal-conversion -Wshorten-64-to-32 -Wpointer-sign -Wno-newline-eof -Wno-selector -Wno-strict-selector-match -Wundeclared-selector -Wdeprecated-implementations -Wno-implicit-fallthrough -fstrict-aliasing -Wprotocol -Wdeprecated-declarations -Wno-sign-conversion -Winfinite-recursion -Wcomma -Wblock-capture-autoreleasing -Wstrict-prototypes -Wno-semicolon-before-method-body -Wunguarded-availability -index-store-path /Users/jack/Library/Developer/Xcode/DerivedData/SSBNetwork-gobgijqdwpuemuekgwpnxsfiofbs/Index.noindex/DataStore @/Users/jack/Library/Developer/Xcode/DerivedData/SSBNetwork-gobgijqdwpuemuekgwpnxsfiofbs/Build/Intermediates.noindex/SSBNetwork.build/Debug/SSBNetworkTests.build/Objects-normal/arm64/e6072d4f65d7061329687fe24e3d63a7-common-args.resp -MMD -MT dependencies -MF /Users/jack/Library/Developer/Xcode/DerivedData/SSBNetwork-gobgijqdwpuemuekgwpnxsfiofbs/Build/Intermediates.noindex/SSBNetwork.build/Debug/SSBNetworkTests.build/Objects-normal/arm64/SSBConnectionFSMTests.d --serialize-diagnostics /Users/jack/Library/Developer/Xcode/DerivedData/SSBNetwork-gobgijqdwpuemuekgwpnxsfiofbs/Build/Intermediates.noindex/SSBNetwork.build/Debug/SSBNetworkTests.build/Objects-normal/arm64/SSBConnectionFSMTests.dia -c /Users/jack/Software/ScuttleKit/Tests/SSBConnectionFSMTests.m -o /Users/jack/Library/Developer/Xcode/DerivedData/SSBNetwork-gobgijqdwpuemuekgwpnxsfiofbs/Build/Intermediates.noindex/SSBNetwork.build/Debug/SSBNetworkTests.build/Objects-normal/arm64/SSBConnectionFSMTests.o -index-unit-output-path /SSBNetwork.build/Debug/SSBNetworkTests.build/Objects-normal/arm64/SSBConnectionFSMTests.o

CompileC /Users/jack/Library/Developer/Xcode/DerivedData/SSBNetwork-gobgijqdwpuemuekgwpnxsfiofbs/Build/Intermediates.noindex/SSBNetwork.build/Debug/SSBNetworkTests.build/Objects-normal/arm64/SSBBFETests.o /Users/jack/Software/ScuttleKit/Tests/SSBBFETests.m normal arm64 objective-c com.apple.compilers.llvm.clang.1_0.compiler (in target 'SSBNetworkTests' from project 'SSBNetwork')
    cd /Users/jack/Software/ScuttleKit
    
    Using response file: /Users/jack/Library/Developer/Xcode/DerivedData/SSBNetwork-gobgijqdwpuemuekgwpnxsfiofbs/Build/Intermediates.noindex/SSBNetwork.build/Debug/SSBNetworkTests.build/Objects-normal/arm64/e6072d4f65d7061329687fe24e3d63a7-common-args.resp
    
    /Applications/Xcode.app/Contents/Developer/Toolchains/XcodeDefault.xctoolchain/usr/bin/clang -x objective-c -ivfsstatcache /Users/jack/Library/Developer/Xcode/DerivedData/SDKStatCaches.noindex/macosx26.2-25C58-00fa09913b459cbbc988d1f6730289ae.sdkstatcache -fmessage-length\=0 -fdiagnostics-show-note-include-stack -fmacro-backtrace-limit\=0 -fno-color-diagnostics -fmodules-prune-interval\=86400 -fmodules-prune-after\=345600 -fbuild-session-file\=/Users/jack/Library/Developer/Xcode/DerivedData/ModuleCache.noindex/Session.modulevalidation -fmodules-validate-once-per-build-session -Wnon-modular-include-in-framework-module -Werror\=non-modular-include-in-framework-module -Wno-trigraphs -Wno-missing-field-initializers -Wno-missing-prototypes -Werror\=return-type -Wdocumentation -Wunreachable-code -Wquoted-include-in-framework-header -Wno-implicit-atomic-properties -Werror\=deprecated-objc-isa-usage -Wno-objc-interface-ivars -Werror\=objc-root-class -Wno-arc-repeated-use-of-weak -Wimplicit-retain-self -Wduplicate-method-match -Wno-missing-braces -Wparentheses -Wswitch -Wunused-function -Wno-unused-label -Wno-unused-parameter -Wunused-variable -Wunused-value -Wempty-body -Wuninitialized -Wconditional-uninitialized -Wno-unknown-pragmas -Wno-shadow -Wno-four-char-constants -Wno-conversion -Wconstant-conversion -Wint-conversion -Wbool-conversion -Wenum-conversion -Wno-float-conversion -Wnon-literal-null-conversion -Wobjc-literal-conversion -Wshorten-64-to-32 -Wpointer-sign -Wno-newline-eof -Wno-selector -Wno-strict-selector-match -Wundeclared-selector -Wdeprecated-implementations -Wno-implicit-fallthrough -fstrict-aliasing -Wprotocol -Wdeprecated-declarations -Wno-sign-conversion -Winfinite-recursion -Wcomma -Wblock-capture-autoreleasing -Wstrict-prototypes -Wno-semicolon-before-method-body -Wunguarded-availability -index-store-path /Users/jack/Library/Developer/Xcode/DerivedData/SSBNetwork-gobgijqdwpuemuekgwpnxsfiofbs/Index.noindex/DataStore @/Users/jack/Library/Developer/Xcode/DerivedData/SSBNetwork-gobgijqdwpuemuekgwpnxsfiofbs/Build/Intermediates.noindex/SSBNetwork.build/Debug/SSBNetworkTests.build/Objects-normal/arm64/e6072d4f65d7061329687fe24e3d63a7-common-args.resp -MMD -MT dependencies -MF /Users/jack/Library/Developer/Xcode/DerivedData/SSBNetwork-gobgijqdwpuemuekgwpnxsfiofbs/Build/Intermediates.noindex/SSBNetwork.build/Debug/SSBNetworkTests.build/Objects-normal/arm64/SSBBFETests.d --serialize-diagnostics /Users/jack/Library/Developer/Xcode/DerivedData/SSBNetwork-gobgijqdwpuemuekgwpnxsfiofbs/Build/Intermediates.noindex/SSBNetwork.build/Debug/SSBNetworkTests.build/Objects-normal/arm64/SSBBFETests.dia -c /Users/jack/Software/ScuttleKit/Tests/SSBBFETests.m -o /Users/jack/Library/Developer/Xcode/DerivedData/SSBNetwork-gobgijqdwpuemuekgwpnxsfiofbs/Build/Intermediates.noindex/SSBNetwork.build/Debug/SSBNetworkTests.build/Objects-normal/arm64/SSBBFETests.o -index-unit-output-path /SSBNetwork.build/Debug/SSBNetworkTests.build/Objects-normal/arm64/SSBBFETests.o

CompileC /Users/jack/Library/Developer/Xcode/DerivedData/SSBNetwork-gobgijqdwpuemuekgwpnxsfiofbs/Build/Intermediates.noindex/SSBNetwork.build/Debug/SSBNetworkTests.build/Objects-normal/arm64/RoomInviteHandlerTests.o /Users/jack/Software/ScuttleKit/Tests/RoomInviteHandlerTests.m normal arm64 objective-c com.apple.compilers.llvm.clang.1_0.compiler (in target 'SSBNetworkTests' from project 'SSBNetwork')
    cd /Users/jack/Software/ScuttleKit
    
    Using response file: /Users/jack/Library/Developer/Xcode/DerivedData/SSBNetwork-gobgijqdwpuemuekgwpnxsfiofbs/Build/Intermediates.noindex/SSBNetwork.build/Debug/SSBNetworkTests.build/Objects-normal/arm64/e6072d4f65d7061329687fe24e3d63a7-common-args.resp
    
    /Applications/Xcode.app/Contents/Developer/Toolchains/XcodeDefault.xctoolchain/usr/bin/clang -x objective-c -ivfsstatcache /Users/jack/Library/Developer/Xcode/DerivedData/SDKStatCaches.noindex/macosx26.2-25C58-00fa09913b459cbbc988d1f6730289ae.sdkstatcache -fmessage-length\=0 -fdiagnostics-show-note-include-stack -fmacro-backtrace-limit\=0 -fno-color-diagnostics -fmodules-prune-interval\=86400 -fmodules-prune-after\=345600 -fbuild-session-file\=/Users/jack/Library/Developer/Xcode/DerivedData/ModuleCache.noindex/Session.modulevalidation -fmodules-validate-once-per-build-session -Wnon-modular-include-in-framework-module -Werror\=non-modular-include-in-framework-module -Wno-trigraphs -Wno-missing-field-initializers -Wno-missing-prototypes -Werror\=return-type -Wdocumentation -Wunreachable-code -Wquoted-include-in-framework-header -Wno-implicit-atomic-properties -Werror\=deprecated-objc-isa-usage -Wno-objc-interface-ivars -Werror\=objc-root-class -Wno-arc-repeated-use-of-weak -Wimplicit-retain-self -Wduplicate-method-match -Wno-missing-braces -Wparentheses -Wswitch -Wunused-function -Wno-unused-label -Wno-unused-parameter -Wunused-variable -Wunused-value -Wempty-body -Wuninitialized -Wconditional-uninitialized -Wno-unknown-pragmas -Wno-shadow -Wno-four-char-constants -Wno-conversion -Wconstant-conversion -Wint-conversion -Wbool-conversion -Wenum-conversion -Wno-float-conversion -Wnon-literal-null-conversion -Wobjc-literal-conversion -Wshorten-64-to-32 -Wpointer-sign -Wno-newline-eof -Wno-selector -Wno-strict-selector-match -Wundeclared-selector -Wdeprecated-implementations -Wno-implicit-fallthrough -fstrict-aliasing -Wprotocol -Wdeprecated-declarations -Wno-sign-conversion -Winfinite-recursion -Wcomma -Wblock-capture-autoreleasing -Wstrict-prototypes -Wno-semicolon-before-method-body -Wunguarded-availability -index-store-path /Users/jack/Library/Developer/Xcode/DerivedData/SSBNetwork-gobgijqdwpuemuekgwpnxsfiofbs/Index.noindex/DataStore @/Users/jack/Library/Developer/Xcode/DerivedData/SSBNetwork-gobgijqdwpuemuekgwpnxsfiofbs/Build/Intermediates.noindex/SSBNetwork.build/Debug/SSBNetworkTests.build/Objects-normal/arm64/e6072d4f65d7061329687fe24e3d63a7-common-args.resp -MMD -MT dependencies -MF /Users/jack/Library/Developer/Xcode/DerivedData/SSBNetwork-gobgijqdwpuemuekgwpnxsfiofbs/Build/Intermediates.noindex/SSBNetwork.build/Debug/SSBNetworkTests.build/Objects-normal/arm64/RoomInviteHandlerTests.d --serialize-diagnostics /Users/jack/Library/Developer/Xcode/DerivedData/SSBNetwork-gobgijqdwpuemuekgwpnxsfiofbs/Build/Intermediates.noindex/SSBNetwork.build/Debug/SSBNetworkTests.build/Objects-normal/arm64/RoomInviteHandlerTests.dia -c /Users/jack/Software/ScuttleKit/Tests/RoomInviteHandlerTests.m -o /Users/jack/Library/Developer/Xcode/DerivedData/SSBNetwork-gobgijqdwpuemuekgwpnxsfiofbs/Build/Intermediates.noindex/SSBNetwork.build/Debug/SSBNetworkTests.build/Objects-normal/arm64/RoomInviteHandlerTests.o -index-unit-output-path /SSBNetwork.build/Debug/SSBNetworkTests.build/Objects-normal/arm64/RoomInviteHandlerTests.o

CompileC /Users/jack/Library/Developer/Xcode/DerivedData/SSBNetwork-gobgijqdwpuemuekgwpnxsfiofbs/Build/Intermediates.noindex/SSBNetwork.build/Debug/SSBNetworkTests.build/Objects-normal/arm64/SSBFramerTests.o /Users/jack/Software/ScuttleKit/Tests/SSBFramerTests.m normal arm64 objective-c com.apple.compilers.llvm.clang.1_0.compiler (in target 'SSBNetworkTests' from project 'SSBNetwork')
    cd /Users/jack/Software/ScuttleKit
    
    Using response file: /Users/jack/Library/Developer/Xcode/DerivedData/SSBNetwork-gobgijqdwpuemuekgwpnxsfiofbs/Build/Intermediates.noindex/SSBNetwork.build/Debug/SSBNetworkTests.build/Objects-normal/arm64/e6072d4f65d7061329687fe24e3d63a7-common-args.resp
    
    /Applications/Xcode.app/Contents/Developer/Toolchains/XcodeDefault.xctoolchain/usr/bin/clang -x objective-c -ivfsstatcache /Users/jack/Library/Developer/Xcode/DerivedData/SDKStatCaches.noindex/macosx26.2-25C58-00fa09913b459cbbc988d1f6730289ae.sdkstatcache -fmessage-length\=0 -fdiagnostics-show-note-include-stack -fmacro-backtrace-limit\=0 -fno-color-diagnostics -fmodules-prune-interval\=86400 -fmodules-prune-after\=345600 -fbuild-session-file\=/Users/jack/Library/Developer/Xcode/DerivedData/ModuleCache.noindex/Session.modulevalidation -fmodules-validate-once-per-build-session -Wnon-modular-include-in-framework-module -Werror\=non-modular-include-in-framework-module -Wno-trigraphs -Wno-missing-field-initializers -Wno-missing-prototypes -Werror\=return-type -Wdocumentation -Wunreachable-code -Wquoted-include-in-framework-header -Wno-implicit-atomic-properties -Werror\=deprecated-objc-isa-usage -Wno-objc-interface-ivars -Werror\=objc-root-class -Wno-arc-repeated-use-of-weak -Wimplicit-retain-self -Wduplicate-method-match -Wno-missing-braces -Wparentheses -Wswitch -Wunused-function -Wno-unused-label -Wno-unused-parameter -Wunused-variable -Wunused-value -Wempty-body -Wuninitialized -Wconditional-uninitialized -Wno-unknown-pragmas -Wno-shadow -Wno-four-char-constants -Wno-conversion -Wconstant-conversion -Wint-conversion -Wbool-conversion -Wenum-conversion -Wno-float-conversion -Wnon-literal-null-conversion -Wobjc-literal-conversion -Wshorten-64-to-32 -Wpointer-sign -Wno-newline-eof -Wno-selector -Wno-strict-selector-match -Wundeclared-selector -Wdeprecated-implementations -Wno-implicit-fallthrough -fstrict-aliasing -Wprotocol -Wdeprecated-declarations -Wno-sign-conversion -Winfinite-recursion -Wcomma -Wblock-capture-autoreleasing -Wstrict-prototypes -Wno-semicolon-before-method-body -Wunguarded-availability -index-store-path /Users/jack/Library/Developer/Xcode/DerivedData/SSBNetwork-gobgijqdwpuemuekgwpnxsfiofbs/Index.noindex/DataStore @/Users/jack/Library/Developer/Xcode/DerivedData/SSBNetwork-gobgijqdwpuemuekgwpnxsfiofbs/Build/Intermediates.noindex/SSBNetwork.build/Debug/SSBNetworkTests.build/Objects-normal/arm64/e6072d4f65d7061329687fe24e3d63a7-common-args.resp -MMD -MT dependencies -MF /Users/jack/Library/Developer/Xcode/DerivedData/SSBNetwork-gobgijqdwpuemuekgwpnxsfiofbs/Build/Intermediates.noindex/SSBNetwork.build/Debug/SSBNetworkTests.build/Objects-normal/arm64/SSBFramerTests.d --serialize-diagnostics /Users/jack/Library/Developer/Xcode/DerivedData/SSBNetwork-gobgijqdwpuemuekgwpnxsfiofbs/Build/Intermediates.noindex/SSBNetwork.build/Debug/SSBNetworkTests.build/Objects-normal/arm64/SSBFramerTests.dia -c /Users/jack/Software/ScuttleKit/Tests/SSBFramerTests.m -o /Users/jack/Library/Developer/Xcode/DerivedData/SSBNetwork-gobgijqdwpuemuekgwpnxsfiofbs/Build/Intermediates.noindex/SSBNetwork.build/Debug/SSBNetworkTests.build/Objects-normal/arm64/SSBFramerTests.o -index-unit-output-path /SSBNetwork.build/Debug/SSBNetworkTests.build/Objects-normal/arm64/SSBFramerTests.o

Ld /Users/jack/Library/Developer/Xcode/DerivedData/SSBNetwork-gobgijqdwpuemuekgwpnxsfiofbs/Build/Products/Debug/SSBNetworkTests.xctest/Contents/MacOS/SSBNetworkTests normal (in target 'SSBNetworkTests' from project 'SSBNetwork')
    cd /Users/jack/Software/ScuttleKit
    /Applications/Xcode.app/Contents/Developer/Toolchains/XcodeDefault.xctoolchain/usr/bin/clang -Xlinker -reproducible -target arm64-apple-macos13.0 -bundle -isysroot /Applications/Xcode.app/Contents/Developer/Platforms/MacOSX.platform/Developer/SDKs/MacOSX26.2.sdk -O0 -L/Users/jack/Library/Developer/Xcode/DerivedData/SSBNetwork-gobgijqdwpuemuekgwpnxsfiofbs/Build/Intermediates.noindex/EagerLinkingTBDs/Debug -L/Users/jack/Library/Developer/Xcode/DerivedData/SSBNetwork-gobgijqdwpuemuekgwpnxsfiofbs/Build/Products/Debug -L/Applications/Xcode.app/Contents/Developer/Platforms/MacOSX.platform/Developer/usr/lib -F/Users/jack/Library/Developer/Xcode/DerivedData/SSBNetwork-gobgijqdwpuemuekgwpnxsfiofbs/Build/Intermediates.noindex/EagerLinkingTBDs/Debug -F/Users/jack/Library/Developer/Xcode/DerivedData/SSBNetwork-gobgijqdwpuemuekgwpnxsfiofbs/Build/Products/Debug -iframework /Applications/Xcode.app/Contents/Developer/Platforms/MacOSX.platform/Developer/Library/Frameworks -filelist /Users/jack/Library/Developer/Xcode/DerivedData/SSBNetwork-gobgijqdwpuemuekgwpnxsfiofbs/Build/Intermediates.noindex/SSBNetwork.build/Debug/SSBNetworkTests.build/Objects-normal/arm64/SSBNetworkTests.LinkFileList -Xlinker -rpath -Xlinker @loader_path/../Frameworks -Xlinker -rpath -Xlinker @executable_path/../Frameworks -Xlinker -object_path_lto -Xlinker /Users/jack/Library/Developer/Xcode/DerivedData/SSBNetwork-gobgijqdwpuemuekgwpnxsfiofbs/Build/Intermediates.noindex/SSBNetwork.build/Debug/SSBNetworkTests.build/Objects-normal/arm64/SSBNetworkTests_lto.o -rdynamic -Xlinker -no_deduplicate -Xlinker -dependency_info -Xlinker /Users/jack/Library/Developer/Xcode/DerivedData/SSBNetwork-gobgijqdwpuemuekgwpnxsfiofbs/Build/Intermediates.noindex/SSBNetwork.build/Debug/SSBNetworkTests.build/Objects-normal/arm64/SSBNetworkTests_dependency_info.dat -fobjc-arc -fobjc-link-runtime -Xlinker -needed_framework -Xlinker XCTest -framework XCTest -Xlinker -needed-lXCTestSwiftSupport -lXCTestSwiftSupport -framework SSBNetwork -o /Users/jack/Library/Developer/Xcode/DerivedData/SSBNetwork-gobgijqdwpuemuekgwpnxsfiofbs/Build/Products/Debug/SSBNetworkTests.xctest/Contents/MacOS/SSBNetworkTests
ld: warning: building for macOS-13.0, but linking with dylib '@rpath/XCTest.framework/Versions/A/XCTest' which was built for newer version 14.0
ld: warning: building for macOS-13.0, but linking with dylib '@rpath/libXCTestSwiftSupport.dylib' which was built for newer version 14.0

Copy /Users/jack/Library/Developer/Xcode/DerivedData/SSBNetwork-gobgijqdwpuemuekgwpnxsfiofbs/Build/Products/Debug/SSBNetworkTests.xctest/Contents/Frameworks/SSBNetwork.framework /Users/jack/Library/Developer/Xcode/DerivedData/SSBNetwork-gobgijqdwpuemuekgwpnxsfiofbs/Build/Products/Debug/SSBNetwork.framework (in target 'SSBNetworkTests' from project 'SSBNetwork')
    cd /Users/jack/Software/ScuttleKit
    builtin-copy -exclude .DS_Store -exclude CVS -exclude .svn -exclude .git -exclude .hg -exclude Headers -exclude PrivateHeaders -exclude Modules -exclude \*.tbd -resolve-src-symlinks -remove-static-executable /Users/jack/Library/Developer/Xcode/DerivedData/SSBNetwork-gobgijqdwpuemuekgwpnxsfiofbs/Build/Products/Debug/SSBNetwork.framework /Users/jack/Library/Developer/Xcode/DerivedData/SSBNetwork-gobgijqdwpuemuekgwpnxsfiofbs/Build/Products/Debug/SSBNetworkTests.xctest/Contents/Frameworks

Test Suite 'All tests' started at 2026-03-11 08:40:18.837.
Test Suite 'SSBNetworkTests.xctest' started at 2026-03-11 08:40:18.837.
Test Suite 'RoomInviteHandlerTests' started at 2026-03-11 08:40:18.837.
Test Case '-[RoomInviteHandlerTests testParseAndCompleteWithInvalidMSA]' started.
Test Case '-[RoomInviteHandlerTests testParseAndCompleteWithInvalidMSA]' passed (0.011 seconds).
Test Case '-[RoomInviteHandlerTests testParseAndCompleteWithValidMSA]' started.
Test Case '-[RoomInviteHandlerTests testParseAndCompleteWithValidMSA]' passed (0.001 seconds).
Test Suite 'RoomInviteHandlerTests' passed at 2026-03-11 08:40:18.851.
	 Executed 2 tests, with 0 failures (0 unexpected) in 0.012 (0.014) seconds
Test Suite 'SSBBFETests' started at 2026-03-11 08:40:18.851.
Test Case '-[SSBBFETests testBase64URL]' started.
Test Case '-[SSBBFETests testBase64URL]' passed (0.001 seconds).
Test Case '-[SSBBFETests testBendyButtFeedID]' started.
Test Case '-[SSBBFETests testBendyButtFeedID]' passed (0.001 seconds).
Test Case '-[SSBBFETests testDetectMethods]' started.
Test Case '-[SSBBFETests testDetectMethods]' passed (0.001 seconds).
Test Case '-[SSBBFETests testFeedIDClassicEncoding]' started.
Test Case '-[SSBBFETests testFeedIDClassicEncoding]' passed (0.001 seconds).
Test Case '-[SSBBFETests testGenericBoolean]' started.
Test Case '-[SSBBFETests testGenericBoolean]' passed (0.001 seconds).
Test Case '-[SSBBFETests testGenericNil]' started.
Test Case '-[SSBBFETests testGenericNil]' passed (0.000 seconds).
Test Case '-[SSBBFETests testGenericString]' started.
Test Case '-[SSBBFETests testGenericString]' passed (0.001 seconds).
Test Case '-[SSBBFETests testMessageIDClassicEncoding]' started.
Test Case '-[SSBBFETests testMessageIDClassicEncoding]' passed (0.001 seconds).
Test Suite 'SSBBFETests' passed at 2026-03-11 08:40:18.858.
	 Executed 8 tests, with 0 failures (0 unexpected) in 0.005 (0.007) seconds
Test Suite 'SSBConnectionFSMTests' started at 2026-03-11 08:40:18.858.
Test Case '-[SSBConnectionFSMTests testErrorState]' started.
Test Case '-[SSBConnectionFSMTests testErrorState]' passed (0.001 seconds).
Test Case '-[SSBConnectionFSMTests testInitialState]' started.
Test Case '-[SSBConnectionFSMTests testInitialState]' passed (0.001 seconds).
Test Case '-[SSBConnectionFSMTests testStateProgression]' started.
2026-03-11 08:40:18.865397-0400 xctest[59343:9756966] [FSM] State advanced: 0 -> 1
2026-03-11 08:40:18.865416-0400 xctest[59343:9756966] [FSM] State advanced: 1 -> 2
2026-03-11 08:40:18.865421-0400 xctest[59343:9756966] [FSM] State advanced: 2 -> 3
2026-03-11 08:40:18.865425-0400 xctest[59343:9756966] [FSM] State advanced: 3 -> 4
2026-03-11 08:40:18.865428-0400 xctest[59343:9756966] [FSM] State advanced: 4 -> 5
2026-03-11 08:40:18.865432-0400 xctest[59343:9756966] [FSM] State advanced: 5 -> 6
2026-03-11 08:40:18.865435-0400 xctest[59343:9756966] [FSM] State advanced: 6 -> 7
2026-03-11 08:40:18.865438-0400 xctest[59343:9756966] [FSM] Notifying delegate of BoxStream transition...
Test Case '-[SSBConnectionFSMTests testStateProgression]' passed (0.001 seconds).
Test Suite 'SSBConnectionFSMTests' passed at 2026-03-11 08:40:18.866.
	 Executed 3 tests, with 0 failures (0 unexpected) in 0.002 (0.007) seconds
Test Suite 'SSBFramerTests' started at 2026-03-11 08:40:18.870.
Test Case '-[SSBFramerTests testFramerDefinitionCreation]' started.
Test Case '-[SSBFramerTests testFramerDefinitionCreation]' passed (0.001 seconds).
Test Suite 'SSBFramerTests' passed at 2026-03-11 08:40:18.871.
	 Executed 1 test, with 0 failures (0 unexpected) in 0.001 (0.001) seconds
Test Suite 'SSBRoomProtocolBugfixTests' started at 2026-03-11 08:40:18.872.
Test Case '-[SSBRoomProtocolBugfixTests testHTTPInviteIdentityConsistency]' started.
2026-03-11 08:40:18.873784-0400 xctest[59343:9756966] [FeedStore] Opened feed store at /Users/jack/Library/Application Support/ScuttleKit/feeds.db
2026-03-11 08:40:18.874480-0400 xctest[59343:9756966] [TEST HTTP INVITE IDENTITY] Verifying identity consistency validation:
2026-03-11 08:40:18.874513-0400 xctest[59343:9756966] [TEST HTTP INVITE IDENTITY] ✓ Mismatch identified: claim='@FlieaFef19uJ6jhHwv2CSkFrDLYKJd/SuIS71A5Y2as=.ed25519', connection='@AAAAAAAAAAAAAAAAAAAAAAAAAAAAAAAAAAAAAAAAAAA=.ed25519'
Test Case '-[SSBRoomProtocolBugfixTests testHTTPInviteIdentityConsistency]' passed (0.003 seconds).
Test Case '-[SSBRoomProtocolBugfixTests testHTTPInviteIdentityConsistencyCorrectFlow]' started.
2026-03-11 08:40:18.875485-0400 xctest[59343:9756966] [TEST HTTP INVITE IDENTITY CORRECT] Verifying successful identity match:
2026-03-11 08:40:18.875513-0400 xctest[59343:9756966] [TEST HTTP INVITE IDENTITY CORRECT] ✓ Identities match: @AAAAAAAAAAAAAAAAAAAAAAAAAAAAAAAAAAAAAAAAAAA=.ed25519
Test Case '-[SSBRoomProtocolBugfixTests testHTTPInviteIdentityConsistencyCorrectFlow]' passed (0.001 seconds).
Test Case '-[SSBRoomProtocolBugfixTests testMuxRPCEndErrWithErrorObjectShouldIndicateError]' started.
Test Case '-[SSBRoomProtocolBugfixTests testMuxRPCEndErrWithErrorObjectShouldIndicateError]' passed (0.001 seconds).
Test Case '-[SSBRoomProtocolBugfixTests testMuxRPCEndErrWithSuccessObjectShouldIndicateSuccess]' started.
2026-03-11 08:40:18.880018-0400 xctest[59343:9756966] [TEST SUCCESS OBJECT] capturedError: (null)
2026-03-11 08:40:18.880072-0400 xctest[59343:9756966] [TEST SUCCESS OBJECT] capturedResponse: {
    ok = 1;
    result = "Operation completed successfully";
    status = success;
}
Test Case '-[SSBRoomProtocolBugfixTests testMuxRPCEndErrWithSuccessObjectShouldIndicateSuccess]' passed (0.001 seconds).
Test Case '-[SSBRoomProtocolBugfixTests testMuxRPCEndErrWithTrueStringShouldIndicateSuccess]' started.
Test Case '-[SSBRoomProtocolBugfixTests testMuxRPCEndErrWithTrueStringShouldIndicateSuccess]' passed (0.001 seconds).
Test Case '-[SSBRoomProtocolBugfixTests testPreservationBoxStreamNonceIncrement]' started.
2026-03-11 08:40:18.881993-0400 xctest[59343:9756966] [PRESERVATION TEST] Testing Box Stream nonce increment behavior
2026-03-11 08:40:18.882069-0400 xctest[59343:9756966] [PRESERVATION TEST] ✓ Encryption 1 completed (nonce incremented)
2026-03-11 08:40:18.882097-0400 xctest[59343:9756966] [PRESERVATION TEST] ✓ Encryption 2 completed (nonce incremented)
2026-03-11 08:40:18.882121-0400 xctest[59343:9756966] [PRESERVATION TEST] ✓ Encryption 3 completed (nonce incremented)
2026-03-11 08:40:18.882146-0400 xctest[59343:9756966] [PRESERVATION TEST] ✓ Encryption 4 completed (nonce incremented)
2026-03-11 08:40:18.882171-0400 xctest[59343:9756966] [PRESERVATION TEST] ✓ Encryption 5 completed (nonce incremented)
2026-03-11 08:40:18.882186-0400 xctest[59343:9756966] [PRESERVATION TEST] Nonce increment test passed
2026-03-11 08:40:18.882201-0400 xctest[59343:9756966] [PRESERVATION TEST] Confirmed: Nonces increment correctly as little-endian 24-byte counters
Test Case '-[SSBRoomProtocolBugfixTests testPreservationBoxStreamNonceIncrement]' passed (0.001 seconds).
Test Case '-[SSBRoomProtocolBugfixTests testPreservationBoxStreamNonceSize]' started.
2026-03-11 08:40:18.882964-0400 xctest[59343:9756966] [PRESERVATION TEST] Testing Box Stream nonce size and derivation
2026-03-11 08:40:18.882999-0400 xctest[59343:9756966] [PRESERVATION TEST] Testing Scenario 1: Standard 32-byte app MACs
2026-03-11 08:40:18.883019-0400 xctest[59343:9756966] [PRESERVATION TEST] ✓ Scenario 1: Standard 32-byte app MACs passed
2026-03-11 08:40:18.883046-0400 xctest[59343:9756966] [PRESERVATION TEST]   clientToServerNonce (24 bytes): 1e903ef3c7fa57f6f73892d0d282adc06cef67cc73333e98
2026-03-11 08:40:18.883067-0400 xctest[59343:9756966] [PRESERVATION TEST]   serverToClientNonce (24 bytes): 9ba2c75b2037603ab3fd438c2bbfe070c9c0799e2ef6045a
2026-03-11 08:40:18.883083-0400 xctest[59343:9756966] [PRESERVATION TEST] Testing Scenario 2: Different app MACs
2026-03-11 08:40:18.883097-0400 xctest[59343:9756966] [PRESERVATION TEST] ✓ Scenario 2: Different app MACs passed
2026-03-11 08:40:18.883117-0400 xctest[59343:9756966] [PRESERVATION TEST]   clientToServerNonce (24 bytes): 134a4f450fae968417e4f26653cfed12872ceb206b4cd64f
2026-03-11 08:40:18.885797-0400 xctest[59343:9756966] [PRESERVATION TEST]   serverToClientNonce (24 bytes): ec8fec45a541bfc1890fb327492ca0455a5bc8e443c1f5c3
2026-03-11 08:40:18.885820-0400 xctest[59343:9756966] [PRESERVATION TEST] Testing Scenario 3: More app MACs
2026-03-11 08:40:18.885839-0400 xctest[59343:9756966] [PRESERVATION TEST] ✓ Scenario 3: More app MACs passed
2026-03-11 08:40:18.885859-0400 xctest[59343:9756966] [PRESERVATION TEST]   clientToServerNonce (24 bytes): 9f5c6e4a2c063c32686aab43e1c1c449dd60763b2c2e2962
2026-03-11 08:40:18.885880-0400 xctest[59343:9756966] [PRESERVATION TEST]   serverToClientNonce (24 bytes): 7c94f700badde9127bd08683d039f2f2938eb7760004dc3e
2026-03-11 08:40:18.885895-0400 xctest[59343:9756966] [PRESERVATION TEST] All nonce scenarios passed - Box Stream nonce size is preserved
2026-03-11 08:40:18.885910-0400 xctest[59343:9756966] [PRESERVATION TEST] Confirmed: Nonces are exactly 24 bytes, derived from handshake app MACs
Test Case '-[SSBRoomProtocolBugfixTests testPreservationBoxStreamNonceSize]' passed (0.004 seconds).
Test Case '-[SSBRoomProtocolBugfixTests testPreservationBoxStreamNonceUsage]' started.
2026-03-11 08:40:18.886797-0400 xctest[59343:9756966] [PRESERVATION TEST] Testing Box Stream nonce usage in encryption/decryption
2026-03-11 08:40:18.886832-0400 xctest[59343:9756966] [PRESERVATION TEST] Testing payload 1: Hello, SSB!
2026-03-11 08:40:18.886888-0400 xctest[59343:9756966] [PRESERVATION TEST] ✓ Payload 1 encrypted and decrypted successfully
2026-03-11 08:40:18.886911-0400 xctest[59343:9756966] [PRESERVATION TEST] Testing payload 2: This is a test message
2026-03-11 08:40:18.886961-0400 xctest[59343:9756966] [PRESERVATION TEST] ✓ Payload 2 encrypted and decrypted successfully
2026-03-11 08:40:18.886977-0400 xctest[59343:9756966] [PRESERVATION TEST] Testing payload 3: Box Stream uses 24-byte nonces
2026-03-11 08:40:18.887024-0400 xctest[59343:9756966] [PRESERVATION TEST] ✓ Payload 3 encrypted and decrypted successfully
2026-03-11 08:40:18.887495-0400 xctest[59343:9756966] [PRESERVATION TEST] Testing payload 4: Nonces increment after each operation
2026-03-11 08:40:18.887554-0400 xctest[59343:9756966] [PRESERVATION TEST] ✓ Payload 4 encrypted and decrypted successfully
2026-03-11 08:40:18.887569-0400 xctest[59343:9756966] [PRESERVATION TEST] All encryption/decryption tests passed
2026-03-11 08:40:18.887584-0400 xctest[59343:9756966] [PRESERVATION TEST] Confirmed: Box Stream correctly uses 24-byte nonces for all operations
2026-03-11 08:40:18.887599-0400 xctest[59343:9756966] [PRESERVATION TEST] Confirmed: Nonces increment correctly after each operation
Test Case '-[SSBRoomProtocolBugfixTests testPreservationBoxStreamNonceUsage]' passed (0.001 seconds).
Test Case '-[SSBRoomProtocolBugfixTests testPreservationErrorStringsWithKeywords]' started.
2026-03-11 08:40:18.888902-0400 xctest[59343:9756966] [PRESERVATION TEST] Testing error string: Error: Something went wrong
2026-03-11 08:40:18.889429-0400 xctest[59343:9756966] [PRESERVATION TEST] ✓ Error string handled correctly: Error: Something went wrong
2026-03-11 08:40:18.889450-0400 xctest[59343:9756966] [PRESERVATION TEST] Testing error string: error: invalid input
2026-03-11 08:40:18.889684-0400 xctest[59343:9756966] [PRESERVATION TEST] ✓ Error string handled correctly: error: invalid input
2026-03-11 08:40:18.889715-0400 xctest[59343:9756966] [PRESERVATION TEST] Testing error string: An error occurred
2026-03-11 08:40:18.889929-0400 xctest[59343:9756966] [PRESERVATION TEST] ✓ Error string handled correctly: An error occurred
2026-03-11 08:40:18.889954-0400 xctest[59343:9756966] [PRESERVATION TEST] All error string scenarios passed - error keyword detection is preserved
Test Case '-[SSBRoomProtocolBugfixTests testPreservationErrorStringsWithKeywords]' passed (0.002 seconds).
Test Case '-[SSBRoomProtocolBugfixTests testPreservationGenuineErrorHandling]' started.
2026-03-11 08:40:18.891204-0400 xctest[59343:9756966] [PRESERVATION TEST] Testing scenario: Standard error with name and message
2026-03-11 08:40:18.891400-0400 xctest[59343:9756966] [PRESERVATION TEST] ✓ Scenario passed: Standard error with name and message
2026-03-11 08:40:18.891419-0400 xctest[59343:9756966] [PRESERVATION TEST]   Error created: Access denied
2026-03-11 08:40:18.891437-0400 xctest[59343:9756966] [PRESERVATION TEST] Testing scenario: Error with extra fields
2026-03-11 08:40:18.891623-0400 xctest[59343:9756966] [PRESERVATION TEST] ✓ Scenario passed: Error with extra fields
2026-03-11 08:40:18.891645-0400 xctest[59343:9756966] [PRESERVATION TEST]   Error created: Invalid input
2026-03-11 08:40:18.891665-0400 xctest[59343:9756966] [PRESERVATION TEST] Testing scenario: Error with nested object
2026-03-11 08:40:18.891852-0400 xctest[59343:9756966] [PRESERVATION TEST] ✓ Scenario passed: Error with nested object
2026-03-11 08:40:18.891869-0400 xctest[59343:9756966] [PRESERVATION TEST]   Error created: Connection failed
2026-03-11 08:40:18.892628-0400 xctest[59343:9756966] [PRESERVATION TEST] Testing scenario: Error with stack trace
2026-03-11 08:40:18.893044-0400 xctest[59343:9756966] [PRESERVATION TEST] ✓ Scenario passed: Error with stack trace
2026-03-11 08:40:18.893067-0400 xctest[59343:9756966] [PRESERVATION TEST]   Error created: Something went wrong
2026-03-11 08:40:18.893091-0400 xctest[59343:9756966] [PRESERVATION TEST] All error scenarios passed - genuine error handling is preserved
Test Case '-[SSBRoomProtocolBugfixTests testPreservationGenuineErrorHandling]' passed (0.003 seconds).
Test Case '-[SSBRoomProtocolBugfixTests testPreservationLegacyRoomAttendantsArrayFormat]' started.
2026-03-11 08:40:18.893972-0400 xctest[59343:9756966] [PRESERVATION TEST] Testing legacy scenario: Simple array with 2 peers
2026-03-11 08:40:18.894054-0400 xctest[59343:9756966] [Client] Received attendants response: (
    "@peer1.ed25519",
    "@peer2.ed25519"
)
2026-03-11 08:40:18.894215-0400 xctest[59343:9756966] [PRESERVATION TEST] ✓ Legacy scenario passed: Simple array with 2 peers
2026-03-11 08:40:18.894241-0400 xctest[59343:9756966] [PRESERVATION TEST]   Expected: (
    "@peer1.ed25519",
    "@peer2.ed25519"
)
2026-03-11 08:40:18.894266-0400 xctest[59343:9756966] [PRESERVATION TEST]   Got:      (
    "@peer1.ed25519",
    "@peer2.ed25519"
)
2026-03-11 08:40:18.894283-0400 xctest[59343:9756966] [PRESERVATION TEST] Testing legacy scenario: Array with 5 peers
2026-03-11 08:40:18.894314-0400 xctest[59343:9756966] [Client] Received attendants response: (
    "@alice.ed25519",
    "@bob.ed25519",
    "@carol.ed25519",
    "@dave.ed25519",
    "@eve.ed25519"
)
2026-03-11 08:40:18.894774-0400 xctest[59343:9756966] [PRESERVATION TEST] ✓ Legacy scenario passed: Array with 5 peers
2026-03-11 08:40:18.894802-0400 xctest[59343:9756966] [PRESERVATION TEST]   Expected: (
    "@alice.ed25519",
    "@bob.ed25519",
    "@carol.ed25519",
    "@dave.ed25519",
    "@eve.ed25519"
)
2026-03-11 08:40:18.894823-0400 xctest[59343:9756966] [PRESERVATION TEST]   Got:      (
    "@alice.ed25519",
    "@bob.ed25519",
    "@carol.ed25519",
    "@dave.ed25519",
    "@eve.ed25519"
)
2026-03-11 08:40:18.894840-0400 xctest[59343:9756966] [PRESERVATION TEST] Testing legacy scenario: Array with single peer
2026-03-11 08:40:18.894871-0400 xctest[59343:9756966] [Client] Received attendants response: (
    "@solo.ed25519"
)
2026-03-11 08:40:18.895016-0400 xctest[59343:9756966] [PRESERVATION TEST] ✓ Legacy scenario passed: Array with single peer
2026-03-11 08:40:18.895035-0400 xctest[59343:9756966] [PRESERVATION TEST]   Expected: (
    "@solo.ed25519"
)
2026-03-11 08:40:18.895053-0400 xctest[59343:9756966] [PRESERVATION TEST]   Got:      (
    "@solo.ed25519"
)
2026-03-11 08:40:18.895070-0400 xctest[59343:9756966] [PRESERVATION TEST] Testing legacy scenario: Empty array (no attendants)
2026-03-11 08:40:18.895092-0400 xctest[59343:9756966] [Client] Received attendants response: (
)
2026-03-11 08:40:18.895228-0400 xctest[59343:9756966] [PRESERVATION TEST] ✓ Legacy scenario passed: Empty array (no attendants)
2026-03-11 08:40:18.895249-0400 xctest[59343:9756966] [PRESERVATION TEST]   Expected: (
)
2026-03-11 08:40:18.895265-0400 xctest[59343:9756966] [PRESERVATION TEST]   Got:      (
)
2026-03-11 08:40:18.895282-0400 xctest[59343:9756966] [PRESERVATION TEST] Testing legacy scenario: Array with full-length base64 peer IDs
2026-03-11 08:40:18.895309-0400 xctest[59343:9756966] [Client] Received attendants response: (
    "@FlieaFef19uJ6jhHwv2CSkFrDLYKJd/SuIS71A5Y2as=.ed25519",
    "@25WfId3Vx/gyMAZqCyZzhtW4iPtUVXB/aOMYbq44P4c=.ed25519",
    "@yVQxFxzeRQ13DQ813hf8G20U5z5I/nkNDliKeSs/IpU=.ed25519"
)
2026-03-11 08:40:18.897625-0400 xctest[59343:9756966] [PRESERVATION TEST] ✓ Legacy scenario passed: Array with full-length base64 peer IDs
2026-03-11 08:40:18.897658-0400 xctest[59343:9756966] [PRESERVATION TEST]   Expected: (
    "@FlieaFef19uJ6jhHwv2CSkFrDLYKJd/SuIS71A5Y2as=.ed25519",
    "@25WfId3Vx/gyMAZqCyZzhtW4iPtUVXB/aOMYbq44P4c=.ed25519",
    "@yVQxFxzeRQ13DQ813hf8G20U5z5I/nkNDliKeSs/IpU=.ed25519"
)
2026-03-11 08:40:18.897679-0400 xctest[59343:9756966] [PRESERVATION TEST]   Got:      (
    "@FlieaFef19uJ6jhHwv2CSkFrDLYKJd/SuIS71A5Y2as=.ed25519",
    "@25WfId3Vx/gyMAZqCyZzhtW4iPtUVXB/aOMYbq44P4c=.ed25519",
    "@yVQxFxzeRQ13DQ813hf8G20U5z5I/nkNDliKeSs/IpU=.ed25519"
)
2026-03-11 08:40:18.897697-0400 xctest[59343:9756966] [PRESERVATION TEST] All legacy array scenarios passed - backward compatibility is preserved
Test Case '-[SSBRoomProtocolBugfixTests testPreservationLegacyRoomAttendantsArrayFormat]' passed (0.004 seconds).
Test Case '-[SSBRoomProtocolBugfixTests testPreservationMixedLegacyAndV2Formats]' started.
2026-03-11 08:40:18.898724-0400 xctest[59343:9756966] [PRESERVATION TEST] Testing mixed legacy and Room v2 format handling
2026-03-11 08:40:18.898785-0400 xctest[59343:9756966] [Client] Received attendants response: (
    "@peer1.ed25519",
    "@peer2.ed25519"
)
2026-03-11 08:40:18.898935-0400 xctest[59343:9756966] [PRESERVATION TEST] ✓ Step 1: Legacy array parsed correctly
2026-03-11 08:40:18.898956-0400 xctest[59343:9756966] [PRESERVATION TEST]   Attendants after legacy: (
    "@peer1.ed25519",
    "@peer2.ed25519"
)
2026-03-11 08:40:18.898983-0400 xctest[59343:9756966] [Client] Received attendants response: {
    id = "@peer3.ed25519";
    type = joined;
}
2026-03-11 08:40:18.899030-0400 xctest[59343:9756966] [ROOM_DIAG] Client: sendRPCRequest FAILED: Not connected
2026-03-11 08:40:18.899190-0400 xctest[59343:9756966] [PRESERVATION TEST] ✓ Step 2: Room v2 joined event parsed correctly
2026-03-11 08:40:18.899212-0400 xctest[59343:9756966] [PRESERVATION TEST]   Attendants after joined: (
    "@peer1.ed25519",
    "@peer2.ed25519",
    "@peer3.ed25519"
)
2026-03-11 08:40:18.899227-0400 xctest[59343:9756966] [Client] Received attendants response: (
    "@peer4.ed25519",
    "@peer5.ed25519"
)
2026-03-11 08:40:18.900317-0400 xctest[59343:9756966] [PRESERVATION TEST] ✓ Step 3: New legacy array replaced the list correctly
2026-03-11 08:40:18.900338-0400 xctest[59343:9756966] [PRESERVATION TEST]   Attendants after new legacy: (
    "@peer4.ed25519",
    "@peer5.ed25519"
)
2026-03-11 08:40:18.900354-0400 xctest[59343:9756966] [PRESERVATION TEST] Mixed format handling test passed - system handles both formats correctly
Test Case '-[SSBRoomProtocolBugfixTests testPreservationMixedLegacyAndV2Formats]' passed (0.002 seconds).
Test Case '-[SSBRoomProtocolBugfixTests testPreservationMuxRPCHeaderBigEndianByteOrder]' started.
2026-03-11 08:40:18.901203-0400 xctest[59343:9756966] [PRESERVATION TEST] Testing MuxRPC header big-endian byte order
2026-03-11 08:40:18.909083-0400 xctest[59343:9756966] [PRESERVATION TEST] ✓ Big-endian byte order verified
2026-03-11 08:40:18.909132-0400 xctest[59343:9756966] [PRESERVATION TEST]   Body length 0x00ABCDEF serialized as: 00 ab cd ef
2026-03-11 08:40:18.909154-0400 xctest[59343:9756966] [PRESERVATION TEST]   Request number 0x12345678 serialized as: 12 34 56 78
2026-03-11 08:40:18.909170-0400 xctest[59343:9756966] [PRESERVATION TEST] Big-endian byte order test passed
2026-03-11 08:40:18.909186-0400 xctest[59343:9756966] [PRESERVATION TEST] Confirmed: Body length and request number use big-endian byte order
Test Case '-[SSBRoomProtocolBugfixTests testPreservationMuxRPCHeaderBigEndianByteOrder]' passed (0.009 seconds).
Test Case '-[SSBRoomProtocolBugfixTests testPreservationMuxRPCHeaderParsingRoundTrip]' started.
2026-03-11 08:40:18.910575-0400 xctest[59343:9756966] [PRESERVATION TEST] Testing MuxRPC header parsing round-trip
2026-03-11 08:40:18.910705-0400 xctest[59343:9756966] [PRESERVATION TEST] ✓ Round-trip tests 1-5 passed
2026-03-11 08:40:18.910804-0400 xctest[59343:9756966] [PRESERVATION TEST] ✓ Round-trip tests 1-10 passed
2026-03-11 08:40:18.910899-0400 xctest[59343:9756966] [PRESERVATION TEST] ✓ Round-trip tests 1-15 passed
2026-03-11 08:40:18.911003-0400 xctest[59343:9756966] [PRESERVATION TEST] ✓ Round-trip tests 1-20 passed
2026-03-11 08:40:18.911020-0400 xctest[59343:9756966] [PRESERVATION TEST] All 20 round-trip tests passed
2026-03-11 08:40:18.911035-0400 xctest[59343:9756966] [PRESERVATION TEST] Confirmed: parseHeader is the correct inverse of serialize
Test Case '-[SSBRoomProtocolBugfixTests testPreservationMuxRPCHeaderParsingRoundTrip]' passed (0.001 seconds).
Test Case '-[SSBRoomProtocolBugfixTests testPreservationMuxRPCHeaderSerializationFormat]' started.
2026-03-11 08:40:18.911896-0400 xctest[59343:9756966] [PRESERVATION TEST] Testing MuxRPC header serialization format
2026-03-11 08:40:18.911944-0400 xctest[59343:9756966] [PRESERVATION TEST] Testing Scenario 1: JSON async request
2026-03-11 08:40:18.911962-0400 xctest[59343:9756966] [PRESERVATION TEST]   Flags: 0x02, RequestNumber: 1, BodyLength: 21
2026-03-11 08:40:18.911982-0400 xctest[59343:9756966] [PRESERVATION TEST] ✓ Scenario 1: JSON async request passed
2026-03-11 08:40:18.912007-0400 xctest[59343:9756966] [PRESERVATION TEST]   Header: [0x02][00000015][00000001] (flags, length, reqNum)
2026-03-11 08:40:18.912024-0400 xctest[59343:9756966] [PRESERVATION TEST] Testing Scenario 2: JSON stream response
2026-03-11 08:40:18.912040-0400 xctest[59343:9756966] [PRESERVATION TEST]   Flags: 0x0a, RequestNumber: -5, BodyLength: 35
2026-03-11 08:40:18.912055-0400 xctest[59343:9756966] [PRESERVATION TEST] ✓ Scenario 2: JSON stream response passed
2026-03-11 08:40:18.912070-0400 xctest[59343:9756966] [PRESERVATION TEST]   Header: [0x0a][00000023][fffffffb] (flags, length, reqNum)
2026-03-11 08:40:18.912086-0400 xctest[59343:9756966] [PRESERVATION TEST] Testing Scenario 3: JSON response with EndErr
2026-03-11 08:40:18.912101-0400 xctest[59343:9756966] [PRESERVATION TEST]   Flags: 0x06, RequestNumber: -10, BodyLength: 4
2026-03-11 08:40:18.912115-0400 xctest[59343:9756966] [PRESERVATION TEST] ✓ Scenario 3: JSON response with EndErr passed
2026-03-11 08:40:18.912130-0400 xctest[59343:9756966] [PRESERVATION TEST]   Header: [0x06][00000004][fffffff6] (flags, length, reqNum)
2026-03-11 08:40:18.912156-0400 xctest[59343:9756966] [PRESERVATION TEST] Testing Scenario 4: Binary message
2026-03-11 08:40:18.912171-0400 xctest[59343:9756966] [PRESERVATION TEST]   Flags: 0x00, RequestNumber: 42, BodyLength: 256
2026-03-11 08:40:18.912186-0400 xctest[59343:9756966] [PRESERVATION TEST] ✓ Scenario 4: Binary message passed
2026-03-11 08:40:18.912201-0400 xctest[59343:9756966] [PRESERVATION TEST]   Header: [0x00][00000100][0000002a] (flags, length, reqNum)
2026-03-11 08:40:18.912216-0400 xctest[59343:9756966] [PRESERVATION TEST] Testing Scenario 5: String message
2026-03-11 08:40:18.912231-0400 xctest[59343:9756966] [PRESERVATION TEST]   Flags: 0x01, RequestNumber: 100, BodyLength: 11
2026-03-11 08:40:18.912244-0400 xctest[59343:9756966] [PRESERVATION TEST] ✓ Scenario 5: String message passed
2026-03-11 08:40:18.912259-0400 xctest[59343:9756966] [PRESERVATION TEST]   Header: [0x01][0000000b][00000064] (flags, length, reqNum)
2026-03-11 08:40:18.912275-0400 xctest[59343:9756966] [PRESERVATION TEST] Testing Scenario 6: Empty body
2026-03-11 08:40:18.912291-0400 xctest[59343:9756966] [PRESERVATION TEST]   Flags: 0x06, RequestNumber: -1, BodyLength: 0
2026-03-11 08:40:18.912307-0400 xctest[59343:9756966] [PRESERVATION TEST] ✓ Scenario 6: Empty body passed
2026-03-11 08:40:18.912322-0400 xctest[59343:9756966] [PRESERVATION TEST]   Header: [0x06][00000000][ffffffff] (flags, length, reqNum)
2026-03-11 08:40:18.912338-0400 xctest[59343:9756966] [PRESERVATION TEST] Testing Scenario 7: Large body (4KB)
2026-03-11 08:40:18.912352-0400 xctest[59343:9756966] [PRESERVATION TEST]   Flags: 0x08, RequestNumber: 999, BodyLength: 4096
2026-03-11 08:40:18.912367-0400 xctest[59343:9756966] [PRESERVATION TEST] ✓ Scenario 7: Large body (4KB) passed
2026-03-11 08:40:18.912382-0400 xctest[59343:9756966] [PRESERVATION TEST]   Header: [0x08][00001000][000003e7] (flags, length, reqNum)
2026-03-11 08:40:18.912407-0400 xctest[59343:9756966] [PRESERVATION TEST] Testing Scenario 8: Negative request number (response)
2026-03-11 08:40:18.912422-0400 xctest[59343:9756966] [PRESERVATION TEST]   Flags: 0x02, RequestNumber: -12345, BodyLength: 11
2026-03-11 08:40:18.912436-0400 xctest[59343:9756966] [PRESERVATION TEST] ✓ Scenario 8: Negative request number (response) passed
2026-03-11 08:40:18.912451-0400 xctest[59343:9756966] [PRESERVATION TEST]   Header: [0x02][0000000b][ffffcfc7] (flags, length, reqNum)
2026-03-11 08:40:18.912466-0400 xctest[59343:9756966] [PRESERVATION TEST] All MuxRPC header scenarios passed
2026-03-11 08:40:18.912480-0400 xctest[59343:9756966] [PRESERVATION TEST] Confirmed: Headers are exactly 9 bytes (1 flags + 4 length + 4 reqNum, big-endian)
Test Case '-[SSBRoomProtocolBugfixTests testPreservationMuxRPCHeaderSerializationFormat]' passed (0.001 seconds).
Test Case '-[SSBRoomProtocolBugfixTests testPreservationOtherRPCMethodsBehavior]' started.
2026-03-11 08:40:18.913552-0400 xctest[59343:9756966] [PRESERVATION TEST] Testing other RPC methods preservation
2026-03-11 08:40:18.913577-0400 xctest[59343:9756966] [PRESERVATION TEST] Goal: Ensure non-buggy RPC methods continue to work correctly
2026-03-11 08:40:18.913593-0400 xctest[59343:9756966] [PRESERVATION TEST] Scenario 1: Testing tunnel.ping (async request)
2026-03-11 08:40:18.913789-0400 xctest[59343:9756966] [PRESERVATION TEST] ✓ tunnel.ping works correctly (async request)
2026-03-11 08:40:18.913828-0400 xctest[59343:9756966] [PRESERVATION TEST]   Response: {
    ok = 1;
    timestamp = 1234567890;
}
2026-03-11 08:40:18.913847-0400 xctest[59343:9756966] [PRESERVATION TEST] Scenario 2: Testing manifest (async request)
2026-03-11 08:40:18.914004-0400 xctest[59343:9756966] [PRESERVATION TEST] ✓ manifest works correctly (async request)
2026-03-11 08:40:18.914022-0400 xctest[59343:9756966] [PRESERVATION TEST]   Response contains: tunnel, whoami, room methods
2026-03-11 08:40:18.914037-0400 xctest[59343:9756966] [PRESERVATION TEST] Scenario 3: Testing whoami (async request)
2026-03-11 08:40:18.914939-0400 xctest[59343:9756966] [PRESERVATION TEST] ✓ whoami works correctly (async request)
2026-03-11 08:40:18.914976-0400 xctest[59343:9756966] [PRESERVATION TEST]   Response: {
    id = "@zz+n7zuFc4wofIgKeEpXgB+/XQZB43Xj2rrWyD0QM2M=.ed25519";
}
2026-03-11 08:40:18.914992-0400 xctest[59343:9756966] [PRESERVATION TEST] Scenario 4: Testing createHistoryStream (source request)
2026-03-11 08:40:18.915154-0400 xctest[59343:9756966] [PRESERVATION TEST] ✓ createHistoryStream works correctly (source request)
2026-03-11 08:40:18.915171-0400 xctest[59343:9756966] [PRESERVATION TEST]   Received 3 messages and end-of-stream
2026-03-11 08:40:18.915187-0400 xctest[59343:9756966] [PRESERVATION TEST] Scenario 5: Testing tunnel.endpoints (source request)
2026-03-11 08:40:18.915378-0400 xctest[59343:9756966] [PRESERVATION TEST] ✓ tunnel.endpoints works correctly (source request)
2026-03-11 08:40:18.915398-0400 xctest[59343:9756966] [PRESERVATION TEST]   Received 3 endpoint events and end-of-stream
2026-03-11 08:40:18.915415-0400 xctest[59343:9756966] [PRESERVATION TEST] Scenario 6: Testing early return when not connected
2026-03-11 08:40:18.915497-0400 xctest[59343:9756966] [PRESERVATION TEST] ✓ Early return behavior documented
2026-03-11 08:40:18.915516-0400 xctest[59343:9756966] [PRESERVATION TEST]   When not connected, RPC methods should return early
2026-03-11 08:40:18.915530-0400 xctest[59343:9756966] [PRESERVATION TEST]   This prevents attempting to send data over a closed connection
2026-03-11 08:40:18.916828-0400 xctest[59343:9756966] [PRESERVATION TEST] All other RPC methods preservation tests passed
2026-03-11 08:40:18.916845-0400 xctest[59343:9756966] [PRESERVATION TEST] Confirmed: Non-buggy RPC methods continue to work correctly
2026-03-11 08:40:18.916860-0400 xctest[59343:9756966] [PRESERVATION TEST]
2026-03-11 08:40:18.916874-0400 xctest[59343:9756966] [PRESERVATION TEST] Summary:
2026-03-11 08:40:18.916887-0400 xctest[59343:9756966] [PRESERVATION TEST]   ✓ tunnel.ping (async) works correctly
2026-03-11 08:40:18.916899-0400 xctest[59343:9756966] [PRESERVATION TEST]   ✓ manifest (async) works correctly
2026-03-11 08:40:18.916911-0400 xctest[59343:9756966] [PRESERVATION TEST]   ✓ whoami (async) works correctly
2026-03-11 08:40:18.916923-0400 xctest[59343:9756966] [PRESERVATION TEST]   ✓ createHistoryStream (source) works correctly
2026-03-11 08:40:18.916934-0400 xctest[59343:9756966] [PRESERVATION TEST]   ✓ tunnel.endpoints (source) works correctly
2026-03-11 08:40:18.916946-0400 xctest[59343:9756966] [PRESERVATION TEST]   ✓ Early return when not connected is documented
Test Case '-[SSBRoomProtocolBugfixTests testPreservationOtherRPCMethodsBehavior]' passed (0.004 seconds).
Test Case '-[SSBRoomProtocolBugfixTests testPreservationRPCRequestTypeFlags]' started.
2026-03-11 08:40:18.917872-0400 xctest[59343:9756966] [PRESERVATION TEST] Testing RPC request type flags
2026-03-11 08:40:18.917890-0400 xctest[59343:9756966] [PRESERVATION TEST] ✓ Async request flags: 0x02 (no Stream flag)
2026-03-11 08:40:18.917902-0400 xctest[59343:9756966] [PRESERVATION TEST] ✓ Source request flags: 0x0a (Stream flag set)
2026-03-11 08:40:18.917914-0400 xctest[59343:9756966] [PRESERVATION TEST] ✓ Duplex request flags: 0x0a (Stream flag set)
2026-03-11 08:40:18.917929-0400 xctest[59343:9756966] [PRESERVATION TEST] RPC request type flags test passed
2026-03-11 08:40:18.917943-0400 xctest[59343:9756966] [PRESERVATION TEST] Confirmed: Request types use correct MuxRPC flags
Test Case '-[SSBRoomProtocolBugfixTests testPreservationRPCRequestTypeFlags]' passed (0.001 seconds).
Test Case '-[SSBRoomProtocolBugfixTests testPreservationSecretHandshakeHMACComputation]' started.
2026-03-11 08:40:18.918645-0400 xctest[59343:9756966] [PRESERVATION TEST] Testing Secret Handshake HMAC computation
2026-03-11 08:40:18.918668-0400 xctest[59343:9756966] [PRESERVATION TEST] Testing Scenario 1: Zero local identity
2026-03-11 08:40:18.919256-0400 xctest[59343:9756966] [SHS] Generating Client Hello
2026-03-11 08:40:18.921388-0400 xctest[59343:9756966] [PRESERVATION TEST] ✓ Scenario 1: Zero local identity passed
2026-03-11 08:40:18.921420-0400 xctest[59343:9756966] [PRESERVATION TEST]   Ephemeral PubKey: e716d028f05fbd075e40deb5621596a0415d20bb6de65306b4e65e33dd29ad44
2026-03-11 08:40:18.921444-0400 xctest[59343:9756966] [PRESERVATION TEST]   HMAC (32 bytes): 92bb731d766349e311ec9cc09241dd21071cf1ad7930ef9df32f2ed405e62d24
2026-03-11 08:40:18.921459-0400 xctest[59343:9756966] [PRESERVATION TEST]   Full SHA-512 would be 64 bytes, we use first 32
2026-03-11 08:40:18.921477-0400 xctest[59343:9756966] [PRESERVATION TEST] Testing Scenario 2: Random local identity
2026-03-11 08:40:18.921483-0400 xctest[59343:9756966] [SHS] Generating Client Hello
2026-03-11 08:40:18.923764-0400 xctest[59343:9756966] [PRESERVATION TEST] ✓ Scenario 2: Random local identity passed
2026-03-11 08:40:18.923826-0400 xctest[59343:9756966] [PRESERVATION TEST]   Ephemeral PubKey: f89d1ba2b9091b5a2871fdc6e962d940591e1e39ba9db12c8d4b22debf66d52d
2026-03-11 08:40:18.923867-0400 xctest[59343:9756966] [PRESERVATION TEST]   HMAC (32 bytes): 7d335190e0e050b3ac3dd57d186fb5000aa2f51bfe6f08a8ef8494afdab0f749
2026-03-11 08:40:18.923894-0400 xctest[59343:9756966] [PRESERVATION TEST]   Full SHA-512 would be 64 bytes, we use first 32
2026-03-11 08:40:18.923933-0400 xctest[59343:9756966] [PRESERVATION TEST] Testing Scenario 3: Another random local identity
2026-03-11 08:40:18.923946-0400 xctest[59343:9756966] [SHS] Generating Client Hello
2026-03-11 08:40:18.926076-0400 xctest[59343:9756966] [PRESERVATION TEST] ✓ Scenario 3: Another random local identity passed
2026-03-11 08:40:18.926109-0400 xctest[59343:9756966] [PRESERVATION TEST]   Ephemeral PubKey: bfb8f31b8efca03df04afd8222f39292fc41bc929917100db7b0571b30a38308
2026-03-11 08:40:18.926132-0400 xctest[59343:9756966] [PRESERVATION TEST]   HMAC (32 bytes): 31950bb203a43c35bdda1ee65901fecdb14e984844a31fc7b1b83912aa8a1338
2026-03-11 08:40:18.926147-0400 xctest[59343:9756966] [PRESERVATION TEST]   Full SHA-512 would be 64 bytes, we use first 32
2026-03-11 08:40:18.926163-0400 xctest[59343:9756966] [PRESERVATION TEST] All HMAC scenarios passed - Secret Handshake HMAC computation is preserved
2026-03-11 08:40:18.926179-0400 xctest[59343:9756966] [PRESERVATION TEST] Confirmed: HMAC uses SHA-512 truncated to 32 bytes
Test Case '-[SSBRoomProtocolBugfixTests testPreservationSecretHandshakeHMACComputation]' passed (0.008 seconds).
Test Case '-[SSBRoomProtocolBugfixTests testPreservationSecretHandshakeHMACVerification]' started.
2026-03-11 08:40:18.927210-0400 xctest[59343:9756966] [PRESERVATION TEST] Testing Secret Handshake HMAC verification
2026-03-11 08:40:18.927225-0400 xctest[59343:9756966] [SHS] Generating Client Hello
2026-03-11 08:40:18.929312-0400 xctest[59343:9756966] [SHS] Processing Server Hello
2026-03-11 08:40:18.931423-0400 xctest[59343:9756966] [PRESERVATION TEST] ✓ Client hello HMAC verified by server
2026-03-11 08:40:18.931444-0400 xctest[59343:9756966] [SHS] Generating Client Hello
2026-03-11 08:40:18.933479-0400 xctest[59343:9756966] [SHS] Processing Server Hello
2026-03-11 08:40:18.935686-0400 xctest[59343:9756966] [PRESERVATION TEST] ✓ Server hello HMAC verified by client
2026-03-11 08:40:18.935721-0400 xctest[59343:9756966] [SHS] Processing Server Hello
2026-03-11 08:40:18.935729-0400 xctest[59343:9756966] [SHS] Server hello HMAC failed
2026-03-11 08:40:18.935742-0400 xctest[59343:9756966] [PRESERVATION TEST] ✓ Corrupted HMAC correctly rejected
2026-03-11 08:40:18.935758-0400 xctest[59343:9756966] [PRESERVATION TEST] Secret Handshake HMAC verification is preserved
Test Case '-[SSBRoomProtocolBugfixTests testPreservationSecretHandshakeHMACVerification]' passed (0.009 seconds).
Test Case '-[SSBRoomProtocolBugfixTests testRoomAttendantsJoinedEventParsing]' started.
2026-03-11 08:40:18.937005-0400 xctest[59343:9756966] [TEST JOINED EVENT] attendantsList: (
    "@peer1.ed25519",
    "@peer2.ed25519",
    "@peer3.ed25519"
)
Test Case '-[SSBRoomProtocolBugfixTests testRoomAttendantsJoinedEventParsing]' passed (0.001 seconds).
Test Case '-[SSBRoomProtocolBugfixTests testRoomAttendantsLeftEventParsing]' started.
2026-03-11 08:40:18.937974-0400 xctest[59343:9756966] [TEST LEFT EVENT] attendantsList: (
    "@peer2.ed25519",
    "@peer3.ed25519"
)
Test Case '-[SSBRoomProtocolBugfixTests testRoomAttendantsLeftEventParsing]' passed (0.001 seconds).
Test Case '-[SSBRoomProtocolBugfixTests testRoomAttendantsStateEventParsing]' started.
2026-03-11 08:40:18.938837-0400 xctest[59343:9756966] [TEST STATE EVENT] attendantsList: (
    "@peer1.ed25519",
    "@peer2.ed25519"
)
Test Case '-[SSBRoomProtocolBugfixTests testRoomAttendantsStateEventParsing]' passed (0.001 seconds).
Test Case '-[SSBRoomProtocolBugfixTests testRoomVersionDetection]' started.
2026-03-11 08:40:18.939538-0400 xctest[59343:9756966] [TEST ROOM VERSION DETECTION] Verifying room.metadata() integration:
2026-03-11 08:40:18.939584-0400 xctest[59343:9756966] [TEST ROOM VERSION DETECTION] ✓ roomFeatures property exists and is populated: (
    tunnel,
    room2,
    httpInvite,
    alias
)
2026-03-11 08:40:18.939600-0400 xctest[59343:9756966] [TEST ROOM VERSION DETECTION]
2026-03-11 08:40:18.939614-0400 xctest[59343:9756966] [TEST ROOM VERSION DETECTION] COUNTEREXAMPLE: No capability detection
2026-03-11 08:40:18.939629-0400 xctest[59343:9756966] [TEST ROOM VERSION DETECTION] - room.metadata() is not called during connection
2026-03-11 08:40:18.939643-0400 xctest[59343:9756966] [TEST ROOM VERSION DETECTION] - roomFeatures property does not exist
2026-03-11 08:40:18.939908-0400 xctest[59343:9756966] [TEST ROOM VERSION DETECTION] - Client uses hardcoded protocol assumptions
2026-03-11 08:40:18.939926-0400 xctest[59343:9756966] [TEST ROOM VERSION DETECTION] - May use incorrect flows for Room v1 vs v2
Test Case '-[SSBRoomProtocolBugfixTests testRoomVersionDetection]' passed (0.001 seconds).
Test Case '-[SSBRoomProtocolBugfixTests testRoomVersionDetectionProtocolBranching]' started.
2026-03-11 08:40:18.940695-0400 xctest[59343:9756966] [TEST ROOM PROTOCOL BRANCHING] Expected protocol branching per SIP 7:
2026-03-11 08:40:18.940713-0400 xctest[59343:9756966] [TEST ROOM PROTOCOL BRANCHING]
2026-03-11 08:40:18.940728-0400 xctest[59343:9756966] [TEST ROOM PROTOCOL BRANCHING] Feature: 'httpInvite'
2026-03-11 08:40:18.940741-0400 xctest[59343:9756966] [TEST ROOM PROTOCOL BRANCHING]   → Use HTTP POST to claim invites (SIP 5)
2026-03-11 08:40:18.940754-0400 xctest[59343:9756966] [TEST ROOM PROTOCOL BRANCHING]   → Skip tunnel.announce after HTTP claim
2026-03-11 08:40:18.940768-0400 xctest[59343:9756966] [TEST ROOM PROTOCOL BRANCHING]
2026-03-11 08:40:18.940783-0400 xctest[59343:9756966] [TEST ROOM PROTOCOL BRANCHING] Feature: 'room2'
2026-03-11 08:40:18.940795-0400 xctest[59343:9756966] [TEST ROOM PROTOCOL BRANCHING]   → Use room.attendants() for peer discovery
2026-03-11 08:40:18.940806-0400 xctest[59343:9756966] [TEST ROOM PROTOCOL BRANCHING]   → Parse JSON events (state/joined/left)
2026-03-11 08:40:18.940821-0400 xctest[59343:9756966] [TEST ROOM PROTOCOL BRANCHING]
2026-03-11 08:40:18.942498-0400 xctest[59343:9756966] [TEST ROOM PROTOCOL BRANCHING] Feature: 'alias'
2026-03-11 08:40:18.942512-0400 xctest[59343:9756966] [TEST ROOM PROTOCOL BRANCHING]   → Support alias registration/consumption
2026-03-11 08:40:18.942524-0400 xctest[59343:9756966] [TEST ROOM PROTOCOL BRANCHING]   → Use room.registerAlias() and room.revokeAlias()
2026-03-11 08:40:18.942538-0400 xctest[59343:9756966] [TEST ROOM PROTOCOL BRANCHING]
2026-03-11 08:40:18.942552-0400 xctest[59343:9756966] [TEST ROOM PROTOCOL BRANCHING] Feature: 'tunnel'
2026-03-11 08:40:18.942564-0400 xctest[59343:9756966] [TEST ROOM PROTOCOL BRANCHING]   → Support tunneled connections
2026-03-11 08:40:18.942576-0400 xctest[59343:9756966] [TEST ROOM PROTOCOL BRANCHING]   → Use tunnel.connect() for peer-to-peer
2026-03-11 08:40:18.942590-0400 xctest[59343:9756966] [TEST ROOM PROTOCOL BRANCHING]
2026-03-11 08:40:18.942604-0400 xctest[59343:9756966] [TEST ROOM PROTOCOL BRANCHING] No room.metadata() support (Room v1):
2026-03-11 08:40:18.942615-0400 xctest[59343:9756966] [TEST ROOM PROTOCOL BRANCHING]   → Use legacy tunnel.announce for invites
2026-03-11 08:40:18.942627-0400 xctest[59343:9756966] [TEST ROOM PROTOCOL BRANCHING]   → Use legacy tunnel.endpoints() for discovery
2026-03-11 08:40:18.942641-0400 xctest[59343:9756966] [TEST ROOM PROTOCOL BRANCHING]
2026-03-11 08:40:18.942656-0400 xctest[59343:9756966] [TEST ROOM PROTOCOL BRANCHING] Current implementation: No branching logic exists
2026-03-11 08:40:18.942720-0400 xctest[59343:9756966] [TEST ROOM PROTOCOL BRANCHING] Expected: Branch behavior based on detected features
Test Case '-[SSBRoomProtocolBugfixTests testRoomVersionDetectionProtocolBranching]' passed (0.003 seconds).
Test Case '-[SSBRoomProtocolBugfixTests testTunneledConnectionEstablishment]' started.
2026-03-11 08:40:18.943432-0400 xctest[59343:9756966] [TEST TUNNELED CONNECTION] Verifying connectToPeer implementation:
2026-03-11 08:40:18.943470-0400 xctest[59343:9756966] [ROOM_DIAG] Client: sendRPCRequest: (
    tunnel,
    connect
) type: duplex
2026-03-11 08:40:18.943478-0400 xctest[59343:9756966] [ROOM_DIAG] Session: sendRequest: (
    tunnel,
    connect
), nextID: 1
2026-03-11 08:40:18.943497-0400 xctest[59343:9756966] [ROOM_DIAG] Session: Sending request (
    tunnel,
    connect
) req=1 flags=10
2026-03-11 08:40:18.943784-0400 xctest[59343:9756966] [] nw_connection_send called with null connection
2026-03-11 08:40:18.943823-0400 xctest[59343:9756966] [TEST TUNNELED CONNECTION] ✓ Step 1-2 passed: Tunnel state and SHS initialized
Test Case '-[SSBRoomProtocolBugfixTests testTunneledConnectionEstablishment]' passed (0.001 seconds).
Test Case '-[SSBRoomProtocolBugfixTests testTunneledConnectionExpectedProtocolFlow]' started.
2026-03-11 08:40:18.944585-0400 xctest[59343:9756966] [TEST TUNNELED CONNECTION PROTOCOL] Expected flow per SIP 7:
2026-03-11 08:40:18.944605-0400 xctest[59343:9756966] [TEST TUNNELED CONNECTION PROTOCOL] 1. A connects to M (outer SHS + Box Stream)
2026-03-11 08:40:18.944621-0400 xctest[59343:9756966] [TEST TUNNELED CONNECTION PROTOCOL] 2. B connects to M (outer SHS + Box Stream)
2026-03-11 08:40:18.944635-0400 xctest[59343:9756966] [TEST TUNNELED CONNECTION PROTOCOL] 3. B calls tunnel.connect(A) via MuxRPC
2026-03-11 08:40:18.944650-0400 xctest[59343:9756966] [TEST TUNNELED CONNECTION PROTOCOL] 4. M calls A with tunnel stream
2026-03-11 08:40:18.944664-0400 xctest[59343:9756966] [TEST TUNNELED CONNECTION PROTOCOL] 5. A accepts tunnel stream
2026-03-11 08:40:18.944678-0400 xctest[59343:9756966] [TEST TUNNELED CONNECTION PROTOCOL] 6. M connects A's and B's tunnel streams
2026-03-11 08:40:18.944693-0400 xctest[59343:9756966] [TEST TUNNELED CONNECTION PROTOCOL] 7. B performs inner SHS with A over tunnel
2026-03-11 08:40:18.944707-0400 xctest[59343:9756966] [TEST TUNNELED CONNECTION PROTOCOL] 8. A and B establish inner Box Stream
2026-03-11 08:40:18.944721-0400 xctest[59343:9756966] [TEST TUNNELED CONNECTION PROTOCOL] 9. Full duplex encrypted A-B connection ready
2026-03-11 08:40:18.946965-0400 xctest[59343:9756966] [TEST TUNNELED CONNECTION PROTOCOL]
2026-03-11 08:40:18.946983-0400 xctest[59343:9756966] [TEST TUNNELED CONNECTION PROTOCOL] Current implementation: Only step 3 is performed
2026-03-11 08:40:18.946998-0400 xctest[59343:9756966] [TEST TUNNELED CONNECTION PROTOCOL] Missing: Steps 7-8 (inner SHS and Box Stream)
Test Case '-[SSBRoomProtocolBugfixTests testTunneledConnectionExpectedProtocolFlow]' passed (0.003 seconds).
Test Suite 'SSBRoomProtocolBugfixTests' passed at 2026-03-11 08:40:18.947.
	 Executed 26 tests, with 0 failures (0 unexpected) in 0.068 (0.076) seconds
Test Suite 'SSBNetworkTests.xctest' passed at 2026-03-11 08:40:18.948.
	 Executed 40 tests, with 0 failures (0 unexpected) in 0.088 (0.111) seconds
Test Suite 'All tests' passed at 2026-03-11 08:40:18.948.
	 Executed 40 tests, with 0 failures (0 unexpected) in 0.088 (0.111) seconds
2026-03-11 08:40:19.213 xcodebuild[59309:9756703] [MT] IDETestOperationsObserverDebug: 1.331 elapsed -- Testing started completed.
2026-03-11 08:40:19.213 xcodebuild[59309:9756703] [MT] IDETestOperationsObserverDebug: 0.000 sec, +0.000 sec -- start
2026-03-11 08:40:19.213 xcodebuild[59309:9756703] [MT] IDETestOperationsObserverDebug: 1.331 sec, +1.331 sec -- end

Test session results, code coverage, and logs:
	/Users/jack/Library/Developer/Xcode/DerivedData/SSBNetwork-gobgijqdwpuemuekgwpnxsfiofbs/Logs/Test/Test-SSBNetwork-2026.03.11_08-40-15--0400.xcresult

** TEST SUCCEEDED **

Testing started
